
[build] loading fasta file results/gtxcutr/sq3.annotated.gtxcutr.w500.fa.gz
[build] k-mer length: 31
[build] warning: clipped off poly-A tail (longer than 10)
        from 4882 target sequences
[build] warning: replaced 1 non-ACGUT characters in the input sequence
        with pseudorandom nucleotides
KmerStream::KmerStream(): Start computing k-mer cardinality estimations (1/2)
KmerStream::KmerStream(): Start computing k-mer cardinality estimations (1/2)
KmerStream::KmerStream(): Finished
CompactedDBG::build(): Estimated number of k-mers occurring at least once: 76633540
CompactedDBG::build(): Estimated number of minimizer occurring at least once: 18747912
CompactedDBG::filter(): Processed 138325673 k-mers in 312309 reads
CompactedDBG::filter(): Found 76570135 unique k-mers
CompactedDBG::filter(): Number of blocks in Bloom filter is 523864
CompactedDBG::construct(): Extract approximate unitigs (1/2)
CompactedDBG::construct(): Extract approximate unitigs (2/2)
CompactedDBG::construct(): Closed all input files

CompactedDBG::construct(): Splitting unitigs (1/2)

CompactedDBG::construct(): Splitting unitigs (2/2)
CompactedDBG::construct(): Before split: 867978 unitigs
CompactedDBG::construct(): After split (1/1): 867978 unitigs
CompactedDBG::construct(): Unitigs split: 4453
CompactedDBG::construct(): Unitigs deleted: 0

CompactedDBG::construct(): Joining unitigs
CompactedDBG::construct(): After join: 826787 unitigs
CompactedDBG::construct(): Joined 42102 unitigs
[build] building MPHF
[build] creating equivalence classes ... 
[build] target de Bruijn graph has k-mer length 31 and minimizer length 23
[build] target de Bruijn graph has 826787 contigs and contains 76637811 k-mers 

