Rscript (R) version 4.3.3 (2024-02-29)
0.12.7
Loading required package: magrittr

---------------------------------------------------------------

		INITIATING SQANTI3 RESCUE...


---------------------------------------------------------------

	--mode full:

		Full rescue mode selected!


		Automatic rescue activated for artifact FSM transcripts.

		Additional rescue steps will be performed for ISM, NIC and NNC artifacts.


---------------------------------------------------------------

	READING FILTER CLASSIFICATION FILE...

Rows: 391483 Columns: 49
── Column specification ────────────────────────────────────────────────────────
Delimiter: "\t"
chr (13): isoform, chrom, strand, structural_category, associated_gene, asso...
dbl (15): length, exons, ref_length, ref_exons, diff_to_TSS, diff_to_TTS, di...
lgl (21): RTS_stage, min_sample_cov, min_cov, min_cov_pos, sd_cov, FL, n_ind...

ℹ Use `spec()` to retrieve the full column specification for this data.
ℹ Specify the column types or set `show_col_types = FALSE` to quiet this message.

---------------------------------------------------------------

---------------------------------------------------------------

	PERFORMING AUTOMATIC RESCUE...


---------------------------------------------------------------

	***NOTE: you have set -e all:

		All mono-exonic artifact transcripts will be considered for rescue.

	Rescuing references associated to mono-exon FSM...

	Including mono-exon ISM as rescue candidates...

	Finding FSM-supported reference transcripts lost after filtering...

	Automatic rescue finished successfully!

	Reference transcripts output by automatic rescue were written to output file:

		results/Sqanti3_Rescue/sq3.annotated_automatic_rescued_list.tsv

		Total transcripts rescued from reference : 9899

		 - From mono-exon FSM: 2556

		 - From FSM artifacts: 7343

---------------------------------------------------------------

---------------------------------------------------------------

	FINDING RESCUE CANDIDATES...


---------------------------------------------------------------

	Rescue candidates: artifact transcripts to be used for rescue.


	Rescue candidate search finished successfully!

	Artifact transcripts flagged as rescue candidates were written to output file:

		results/Sqanti3_Rescue/sq3.annotated_rescue_candidates.tsv

	Rescue candidate summary

		 ISM: 7340

		 NIC: 121

		 NNC: 1095

	 Total: 8556

---------------------------------------------------------------

---------------------------------------------------------------

	RETRIEVING RESCUE TARGETS...


---------------------------------------------------------------

	 Rescue targets: validated LR or reference isoforms that could replace an artifact from the same gene.


	 Retrieving target genes...


	 Finding target isoforms from long read transcriptome...


	 Finding target isoforms from reference transcriptome...


	Rescue target search finished successfully!

	Validated isoforms to be used as rescue targets were written to output file:

		results/Sqanti3_Rescue/sq3.annotated_rescue_targets.tsv

	Rescue target summary

		 LR transcriptome: 81909

		 Reference transcriptome: 89202

	 Total: 171111

---------------------------------------------------------------
Warning message:
In check_tag_present(c(gene_name, transcript_version, gene_version),  :
  Tags transcript_version are absent from the attribute field.
 These tags are ignored.

[M::mm_idx_gen::16.589*1.51] collected minimizers
[M::mm_idx_gen::19.594*1.73] sorted minimizers
[M::main::19.666*1.72] loaded/built the index for 342008 target sequence(s)
[M::mm_mapopt_update::19.906*1.72] mid_occ = 500
[M::mm_idx_stat] kmer size: 19; skip: 19; is_hpc: 0; #seq: 342008
[M::mm_idx_stat::19.969*1.71] distinct minimizers: 4075633 (0.21% are singletons); average occurrences: 15.915; average spacing: 10.129; total length: 656969217
[M::worker_pipeline::46.053*2.43] mapped 8556 sequences
[M::main] Version: 2.28-r1209
[M::main] CMD: minimap2 --secondary=yes -ax map-hifi results/Sqanti3_Rescue/sq3.annotated_rescue_targets.fasta results/Sqanti3_Rescue/sq3.annotated_rescue_candidates.fasta
[M::main] Real time: 46.326 sec; CPU: 112.212 sec; Peak RSS: 2.334 GB
Rscript (R) version 4.3.3 (2024-02-29)

Attaching package: ‘dplyr’

The following objects are masked from ‘package:stats’:

    filter, lag

The following objects are masked from ‘package:base’:

    intersect, setdiff, setequal, union

-------------------------------------------------

 	 Reading classification file

--------------------------------------------------
-------------------------------------------------

 	 Reading JSON file with rules to filter

--------------------------------------------------
-------------------------------------------------

 	 Performing filtering

--------------------------------------------------
-------------------------------------------------

 	 Writting results

--------------------------------------------------

-------------------------------------------------

 	 SQANTI3 Rules filter report

--------------------------------------------------
Loading required package: magrittr

Reading Rules result classification table...
Warning message:
There were 2 warnings in `dplyr::mutate()`.
The first warning was:
ℹ In argument: `structural_category = `%>%`(...)`.
Caused by warning:
! Unknown levels in `f`: incomplete-splice_match, novel_in_catalog, novel_not_in_catalog, intergenic, antisense, genic, fusion, genic_intron
ℹ Run `dplyr::last_dplyr_warnings()` to see the 1 remaining warning. 
Loading required package: ggplot2

Generating common filter plots...

`summarise()` has grouped output by 'structural_category'. You can override
using the `.groups` argument.
`summarise()` has grouped output by 'filter'. You can override using the
`.groups` argument.
`summarise()` has grouped output by 'filter'. You can override using the
`.groups` argument.
Warning message:
There was 1 warning in `dplyr::mutate()`.
ℹ In argument: `filter = factor(filter) %>% forcats::fct_relevel(c("Before",
  "After"))`.
Caused by warning:
! 2 unknown levels in `f`: Before and After 
`summarise()` has grouped output by 'filter'. You can override using the
`.groups` argument.
Error in `dplyr::mutate()`:
ℹ In argument: `ism_type = `%>%`(...)`.
Caused by error in `forcats::fct_relevel()`:
! `.f` must be a factor or character vector, not an empty logical
  vector.
Backtrace:
     ▆
  1. ├─... %>% ...
  2. ├─dplyr::mutate(...)
  3. ├─dplyr:::mutate.data.frame(...)
  4. │ └─dplyr:::mutate_cols(.data, dplyr_quosures(...), by)
  5. │   ├─base::withCallingHandlers(...)
  6. │   └─dplyr:::mutate_col(dots[[i]], data, mask, new_columns)
  7. │     └─mask$eval_all_mutate(quo)
  8. │       └─dplyr (local) eval()
  9. ├─... %>% forcats::fct_relevel(c("Unique", "Multiple"))
 10. └─forcats::fct_relevel(., c("Unique", "Multiple"))
 11.   └─forcats:::check_factor(.f)
 12.     └─cli::cli_abort(...)
 13.       └─rlang::abort(...)
Execution halted
Write arguments to /home/grocamora/RytenLab-Research/38-Endome_generation/results/Sqanti3_Rescue/reference_rules_filter/reference_params.txt...

Running SQANTI3 filtering...

/home/grocamora/RytenLab-Research/38-Endome_generation/.snakemake/conda/6ee566abfed1e78f3ea1fe9cb58c3456_/bin/Rscript /home/grocamora/RytenLab-Research/38-Endome_generation/resources/Sqanti3/src/utilities/filter/SQANTI3_rules_filter.R -c /home/grocamora/RytenLab-Research/38-Endome_generation/results/Sqanti3_QC_reference/sq3.reference_classification.txt -o reference -d results/Sqanti3_Rescue/reference_rules_filter -j resources/Sqanti3/src/utilities/filter/filter_default.json -u /home/grocamora/RytenLab-Research/38-Endome_generation/resources/Sqanti3/src/utilities -e False
Loading required package: magrittr
Rows: 34754 Columns: 3
── Column specification ────────────────────────────────────────────────────────
Delimiter: "\t"
chr (2): rescue_candidate, mapping_hit
dbl (1): sam_flag

ℹ Use `spec()` to retrieve the full column specification for this data.
ℹ Specify the column types or set `show_col_types = FALSE` to quiet this message.
Rows: 385659 Columns: 49
── Column specification ────────────────────────────────────────────────────────
Delimiter: "\t"
chr (13): isoform, chrom, strand, structural_category, associated_gene, asso...
dbl (15): length, exons, ref_length, ref_exons, diff_to_TSS, diff_to_TTS, di...
lgl (21): RTS_stage, min_sample_cov, min_cov, min_cov_pos, sd_cov, FL, n_ind...

ℹ Use `spec()` to retrieve the full column specification for this data.
ℹ Specify the column types or set `show_col_types = FALSE` to quiet this message.
Rows: 391483 Columns: 49
── Column specification ────────────────────────────────────────────────────────
Delimiter: "\t"
chr (13): isoform, chrom, strand, structural_category, associated_gene, asso...
dbl (15): length, exons, ref_length, ref_exons, diff_to_TSS, diff_to_TTS, di...
lgl (21): RTS_stage, min_sample_cov, min_cov, min_cov_pos, sd_cov, FL, n_ind...

ℹ Use `spec()` to retrieve the full column specification for this data.
ℹ Specify the column types or set `show_col_types = FALSE` to quiet this message.
Warning message:
In dplyr::left_join(., rules %>% dplyr::rename(mapping_hit = "isoform"),  :
  Detected an unexpected many-to-many relationship between `x` and `y`.
ℹ Row 1 of `x` matches multiple rows in `y`.
ℹ Row 53865 of `y` matches multiple rows in `x`.
ℹ If a many-to-many relationship is expected, set `relationship =
  "many-to-many"` to silence this warning.
Rows: 9899 Columns: 1
── Column specification ────────────────────────────────────────────────────────
Delimiter: "\t"
chr (1): associated_transcript

ℹ Use `spec()` to retrieve the full column specification for this data.
ℹ Specify the column types or set `show_col_types = FALSE` to quiet this message.

Automatic rescue run via the following command:

/home/grocamora/RytenLab-Research/38-Endome_generation/.snakemake/conda/6ee566abfed1e78f3ea1fe9cb58c3456_/bin/Rscript /home/grocamora/RytenLab-Research/38-Endome_generation/resources/Sqanti3/src/utilities/rescue/automatic_rescue.R -c /home/grocamora/RytenLab-Research/38-Endome_generation/results/Sqanti3_Filter/sq3.annotated_RulesFilter_result_classification.txt -o sq3.annotated -d results/Sqanti3_Rescue -u /home/grocamora/RytenLab-Research/38-Endome_generation/resources/Sqanti3/src/utilities   -g /home/grocamora/RytenLab-Research/Additional_files/GENCODE/gencode.v47.annotation.gtf -e all -m full


-------------------------------------------------------


	PREPARATION OF FILES FOR ARTIFACT MAPPING:


-------------------------------------------------------


Creating reference transcriptome FASTA from provided GTF (--refGTF)...


Reference transcriptome FASTA was saved to  results/Sqanti3_Rescue/gencode.v47.annotation.fasta 


	gffread command used:

gffread -w results/Sqanti3_Rescue/gencode.v47.annotation.fasta -g /home/grocamora/RytenLab-Research/Additional_files/GENCODE/GRCh38.primary_assembly.genome.fa /home/grocamora/RytenLab-Research/Additional_files/GENCODE/gencode.v47.annotation.gtf 


Filtering reference transcriptome FASTA to only rescue targets...


Target reference transcript sequences were saved to  results/Sqanti3_Rescue/gencode.v47.annotation.fasta 


	seqtk command used:

seqtk subseq results/Sqanti3_Rescue/gencode.v47.annotation.fasta	results/Sqanti3_Rescue/sq3.annotated_rescue_targets.tsv > results/Sqanti3_Rescue/sq3.annotated_rescue_targets.ref.fasta 


Filtering supplied long read transcriptome FASTA (--isoforms) to only include rescue targets...


Target long read transcript sequences were saved to  results/Sqanti3_Rescue/gencode.v47.annotation.fasta 


	seqtk command used:

seqtk subseq results/Sqanti3_QC/sq3.annotated_corrected.fasta results/Sqanti3_Rescue/sq3.annotated_rescue_targets.tsv > results/Sqanti3_Rescue/sq3.annotated_rescue_targets.LR.fasta 


Joining reference and LR rescue target FASTA files...


Rescue target FASTA was saved to  results/Sqanti3_Rescue/sq3.annotated_rescue_targets.fasta 


Command used:
cat results/Sqanti3_Rescue/sq3.annotated_rescue_targets.ref.fasta results/Sqanti3_Rescue/sq3.annotated_rescue_targets.LR.fasta > results/Sqanti3_Rescue/sq3.annotated_rescue_targets.fasta 


Removing intermediate target FASTA files...


Creating rescue candidate FASTA from supplied long read transcriptome fasta (--isoforms)...
 

Rescue candidate FASTA was saved to  results/Sqanti3_Rescue/sq3.annotated_rescue_candidates.fasta 


	seqtk command used:

seqtk subseq results/Sqanti3_QC/sq3.annotated_corrected.fasta results/Sqanti3_Rescue/sq3.annotated_rescue_candidates.tsv > results/Sqanti3_Rescue/sq3.annotated_rescue_candidates.fasta 


-------------------------------------------------------


	ARTIFACT MAPPING (CANDIDATES VS TARGETS):


-------------------------------------------------------


Mapping rescue candidates to rescue targets with minimap2...


Minimap2 results were saved to  results/Sqanti3_Rescue/sq3.annotated_mapped_rescue.sam 


	minimap2 command used:

minimap2 --secondary=yes -ax map-hifi results/Sqanti3_Rescue/sq3.annotated_rescue_targets.fasta results/Sqanti3_Rescue/sq3.annotated_rescue_candidates.fasta > results/Sqanti3_Rescue/sq3.annotated_mapped_rescue.sam 


Building candidate-target table of mapping hits...


Mapping hit table was saved to  results/Sqanti3_Rescue/sq3.annotated_rescue_mapping_hits.tsv 


-------------------------------------------------------


	RESCUE-BY-MAPPING FOR RULES FILTER:


-------------------------------------------------------


Rules rescue selected!


Applying provided rules (--json) to reference transcriptome classification file...

/home/grocamora/RytenLab-Research/38-Endome_generation/.snakemake/conda/6ee566abfed1e78f3ea1fe9cb58c3456_/bin/python /home/grocamora/RytenLab-Research/38-Endome_generation/resources/Sqanti3/sqanti3_filter.py rules results/Sqanti3_QC_reference/sq3.reference_classification.txt -j resources/Sqanti3/src/utilities/filter/filter_default.json   -o reference -d results/Sqanti3_Rescue/reference_rules_filter


Running rescue-by-mapping for rules filter...


Final rescued transcript list witten to file: results/Sqanti3_Rescue/sq3.annotated_rescue_inclusion-list.tsv


Adding rescued transcripts to provided SQ3 filtered GTF...


Added rescued reference transcripts to provided GTF (results/Sqanti3_Filter/sq3.annotated.filtered.gtf)


Final output GTF written to file: results/Sqanti3_Rescue/sq3.annotated_rescued.gtf


Rescue finished successfully!

