WARNING: output directory results/Sqanti3_QC already exists. Overwriting!
Write arguments to /home/grocamora/RytenLab-Research/38-Endome_generation/results/Sqanti3_QC/sq3.annotated.params.txt...
**** Running SQANTI3...
launching worker on /home/grocamora/RytenLab-Research/38-Endome_generation/results/Sqanti3_QC/sq3.annotated_splits/0/gffcompare.annotated.clean.gtf.split0....
launching worker on /home/grocamora/RytenLab-Research/38-Endome_generation/results/Sqanti3_QC/sq3.annotated_splits/1/gffcompare.annotated.clean.gtf.split1....
launching worker on /home/grocamora/RytenLab-Research/38-Endome_generation/results/Sqanti3_QC/sq3.annotated_splits/2/gffcompare.annotated.clean.gtf.split2....
launching worker on /home/grocamora/RytenLab-Research/38-Endome_generation/results/Sqanti3_QC/sq3.annotated_splits/3/gffcompare.annotated.clean.gtf.split3....
launching worker on /home/grocamora/RytenLab-Research/38-Endome_generation/results/Sqanti3_QC/sq3.annotated_splits/4/gffcompare.annotated.clean.gtf.split4....
launching worker on /home/grocamora/RytenLab-Research/38-Endome_generation/results/Sqanti3_QC/sq3.annotated_splits/5/gffcompare.annotated.clean.gtf.split5....
launching worker on /home/grocamora/RytenLab-Research/38-Endome_generation/results/Sqanti3_QC/sq3.annotated_splits/6/gffcompare.annotated.clean.gtf.split6....
launching worker on /home/grocamora/RytenLab-Research/38-Endome_generation/results/Sqanti3_QC/sq3.annotated_splits/7/gffcompare.annotated.clean.gtf.split7....
launching worker on /home/grocamora/RytenLab-Research/38-Endome_generation/results/Sqanti3_QC/sq3.annotated_splits/8/gffcompare.annotated.clean.gtf.split8....
launching worker on /home/grocamora/RytenLab-Research/38-Endome_generation/results/Sqanti3_QC/sq3.annotated_splits/9/gffcompare.annotated.clean.gtf.split9....
launching worker on /home/grocamora/RytenLab-Research/38-Endome_generation/results/Sqanti3_QC/sq3.annotated_splits/10/gffcompare.annotated.clean.gtf.split10....
launching worker on /home/grocamora/RytenLab-Research/38-Endome_generation/results/Sqanti3_QC/sq3.annotated_splits/11/gffcompare.annotated.clean.gtf.split11....
launching worker on /home/grocamora/RytenLab-Research/38-Endome_generation/results/Sqanti3_QC/sq3.annotated_splits/12/gffcompare.annotated.clean.gtf.split12....
launching worker on /home/grocamora/RytenLab-Research/38-Endome_generation/results/Sqanti3_QC/sq3.annotated_splits/13/gffcompare.annotated.clean.gtf.split13....
launching worker on /home/grocamora/RytenLab-Research/38-Endome_generation/results/Sqanti3_QC/sq3.annotated_splits/14/gffcompare.annotated.clean.gtf.split14....
launching worker on /home/grocamora/RytenLab-Research/38-Endome_generation/results/Sqanti3_QC/sq3.annotated_splits/15/gffcompare.annotated.clean.gtf.split15....
**** Parsing Isoforms....
**** Parsing Isoforms....
**** Parsing Isoforms....
**** Parsing Isoforms....
**** Parsing Isoforms....
**** Parsing Isoforms....
**** Parsing Isoforms....
**** Parsing Isoforms....
**** Parsing Isoforms....
**** Parsing Isoforms....
**** Parsing Isoforms....
Isoforms expression files not provided.
**** Writing output files....
Saving isoforms_info object to file....
SQANTI3 complete in 129.51794031262398 sec.
**** Parsing provided files....
Reading genome fasta /home/grocamora/RytenLab-Research/Additional_files/GENCODE/GRCh38.primary_assembly.genome.fa....
Correcting sequences
Correcting fasta
Skipping aligning of sequences because GTF file was provided.

Indels will be not calculated since you ran SQANTI3 without alignment step (SQANTI3 with gtf format as transcriptome input).
**** Predicting ORF sequences...
Running ORF prediction on /home/grocamora/RytenLab-Research/38-Endome_generation/results/Sqanti3_QC/sq3.annotated_splits/9/sq3.annotated_corrected.fasta
**** Parsing Reference Transcriptome....
No short-reads or coverage provided. Skipping short-read coverage calculation.
**** TSS ratio will not be calculated since SR information was not provided
**** Performing Classification of Isoforms....
Number of classified isoforms: 12125
**** Parsing Isoforms....
**** Parsing Isoforms....
**** Parsing Isoforms....
**** Parsing Isoforms....
**** Parsing Isoforms....
Isoforms expression files not provided.
**** Writing output files....
Saving isoforms_info object to file....
SQANTI3 complete in 165.11433917284012 sec.
**** Parsing provided files....
Reading genome fasta /home/grocamora/RytenLab-Research/Additional_files/GENCODE/GRCh38.primary_assembly.genome.fa....
Correcting sequences
Correcting fasta
Skipping aligning of sequences because GTF file was provided.

Indels will be not calculated since you ran SQANTI3 without alignment step (SQANTI3 with gtf format as transcriptome input).
**** Predicting ORF sequences...
Running ORF prediction on /home/grocamora/RytenLab-Research/38-Endome_generation/results/Sqanti3_QC/sq3.annotated_splits/7/sq3.annotated_corrected.fasta
**** Parsing Reference Transcriptome....
No short-reads or coverage provided. Skipping short-read coverage calculation.
**** TSS ratio will not be calculated since SR information was not provided
**** Performing Classification of Isoforms....
Number of classified isoforms: 11649
Isoforms expression files not provided.
**** Writing output files....
Saving isoforms_info object to file....
SQANTI3 complete in 172.733746945858 sec.
Isoforms expression files not provided.
**** Parsing provided files....
Reading genome fasta /home/grocamora/RytenLab-Research/Additional_files/GENCODE/GRCh38.primary_assembly.genome.fa....
Correcting sequences
Correcting fasta
Skipping aligning of sequences because GTF file was provided.

Indels will be not calculated since you ran SQANTI3 without alignment step (SQANTI3 with gtf format as transcriptome input).
**** Predicting ORF sequences...
Running ORF prediction on /home/grocamora/RytenLab-Research/38-Endome_generation/results/Sqanti3_QC/sq3.annotated_splits/10/sq3.annotated_corrected.fasta
**** Parsing Reference Transcriptome....
No short-reads or coverage provided. Skipping short-read coverage calculation.
**** TSS ratio will not be calculated since SR information was not provided
**** Performing Classification of Isoforms....
Number of classified isoforms: 12830
**** Writing output files....
Saving isoforms_info object to file....
SQANTI3 complete in 174.62667493522167 sec.
**** Parsing provided files....
Reading genome fasta /home/grocamora/RytenLab-Research/Additional_files/GENCODE/GRCh38.primary_assembly.genome.fa....
Correcting sequences
Correcting fasta
Skipping aligning of sequences because GTF file was provided.

Indels will be not calculated since you ran SQANTI3 without alignment step (SQANTI3 with gtf format as transcriptome input).
**** Predicting ORF sequences...
Running ORF prediction on /home/grocamora/RytenLab-Research/38-Endome_generation/results/Sqanti3_QC/sq3.annotated_splits/6/sq3.annotated_corrected.fasta
**** Parsing Reference Transcriptome....
No short-reads or coverage provided. Skipping short-read coverage calculation.
**** TSS ratio will not be calculated since SR information was not provided
**** Performing Classification of Isoforms....
Number of classified isoforms: 17327
Isoforms expression files not provided.
**** Writing output files....
Saving isoforms_info object to file....
SQANTI3 complete in 189.52811178565025 sec.
**** Parsing provided files....
Reading genome fasta /home/grocamora/RytenLab-Research/Additional_files/GENCODE/GRCh38.primary_assembly.genome.fa....
Correcting sequences
Correcting fasta
Skipping aligning of sequences because GTF file was provided.

Indels will be not calculated since you ran SQANTI3 without alignment step (SQANTI3 with gtf format as transcriptome input).
**** Predicting ORF sequences...
Running ORF prediction on /home/grocamora/RytenLab-Research/38-Endome_generation/results/Sqanti3_QC/sq3.annotated_splits/2/sq3.annotated_corrected.fasta
**** Parsing Reference Transcriptome....
No short-reads or coverage provided. Skipping short-read coverage calculation.
**** TSS ratio will not be calculated since SR information was not provided
**** Performing Classification of Isoforms....
Number of classified isoforms: 13138
Isoforms expression files not provided.
**** Writing output files....
Saving isoforms_info object to file....
SQANTI3 complete in 219.15322530269623 sec.
**** Parsing provided files....
Reading genome fasta /home/grocamora/RytenLab-Research/Additional_files/GENCODE/GRCh38.primary_assembly.genome.fa....
Correcting sequences
Correcting fasta
Skipping aligning of sequences because GTF file was provided.

Indels will be not calculated since you ran SQANTI3 without alignment step (SQANTI3 with gtf format as transcriptome input).
**** Predicting ORF sequences...
Running ORF prediction on /home/grocamora/RytenLab-Research/38-Endome_generation/results/Sqanti3_QC/sq3.annotated_splits/4/sq3.annotated_corrected.fasta
**** Parsing Reference Transcriptome....
No short-reads or coverage provided. Skipping short-read coverage calculation.
**** TSS ratio will not be calculated since SR information was not provided
**** Performing Classification of Isoforms....
Number of classified isoforms: 18952
Isoforms expression files not provided.
**** Writing output files....
Saving isoforms_info object to file....
SQANTI3 complete in 220.71686832606792 sec.
**** Parsing provided files....
Reading genome fasta /home/grocamora/RytenLab-Research/Additional_files/GENCODE/GRCh38.primary_assembly.genome.fa....
Correcting sequences
Correcting fasta
Skipping aligning of sequences because GTF file was provided.

Indels will be not calculated since you ran SQANTI3 without alignment step (SQANTI3 with gtf format as transcriptome input).
**** Predicting ORF sequences...
Running ORF prediction on /home/grocamora/RytenLab-Research/38-Endome_generation/results/Sqanti3_QC/sq3.annotated_splits/3/sq3.annotated_corrected.fasta
**** Parsing Reference Transcriptome....
No short-reads or coverage provided. Skipping short-read coverage calculation.
**** TSS ratio will not be calculated since SR information was not provided
**** Performing Classification of Isoforms....
Number of classified isoforms: 19893
Isoforms expression files not provided.
**** Writing output files....
Saving isoforms_info object to file....
SQANTI3 complete in 228.5709848999977 sec.
**** Parsing provided files....
Reading genome fasta /home/grocamora/RytenLab-Research/Additional_files/GENCODE/GRCh38.primary_assembly.genome.fa....
Correcting sequences
Correcting fasta
Skipping aligning of sequences because GTF file was provided.

Indels will be not calculated since you ran SQANTI3 without alignment step (SQANTI3 with gtf format as transcriptome input).
**** Predicting ORF sequences...
Running ORF prediction on /home/grocamora/RytenLab-Research/38-Endome_generation/results/Sqanti3_QC/sq3.annotated_splits/5/sq3.annotated_corrected.fasta
**** Parsing Reference Transcriptome....
No short-reads or coverage provided. Skipping short-read coverage calculation.
**** TSS ratio will not be calculated since SR information was not provided
**** Performing Classification of Isoforms....
Number of classified isoforms: 20688
Isoforms expression files not provided.
**** Writing output files....
Saving isoforms_info object to file....
SQANTI3 complete in 310.3625499010086 sec.
**** Parsing provided files....
Reading genome fasta /home/grocamora/RytenLab-Research/Additional_files/GENCODE/GRCh38.primary_assembly.genome.fa....
Correcting sequences
Correcting fasta
Skipping aligning of sequences because GTF file was provided.

Indels will be not calculated since you ran SQANTI3 without alignment step (SQANTI3 with gtf format as transcriptome input).
**** Predicting ORF sequences...
Running ORF prediction on /home/grocamora/RytenLab-Research/38-Endome_generation/results/Sqanti3_QC/sq3.annotated_splits/8/sq3.annotated_corrected.fasta
**** Parsing Reference Transcriptome....
No short-reads or coverage provided. Skipping short-read coverage calculation.
**** TSS ratio will not be calculated since SR information was not provided
**** Performing Classification of Isoforms....
Number of classified isoforms: 28357
Isoforms expression files not provided.
**** Writing output files....
Saving isoforms_info object to file....
SQANTI3 complete in 332.69572791457176 sec.
**** Parsing provided files....
Reading genome fasta /home/grocamora/RytenLab-Research/Additional_files/GENCODE/GRCh38.primary_assembly.genome.fa....
Correcting sequences
Correcting fasta
Skipping aligning of sequences because GTF file was provided.

Indels will be not calculated since you ran SQANTI3 without alignment step (SQANTI3 with gtf format as transcriptome input).
**** Predicting ORF sequences...
Running ORF prediction on /home/grocamora/RytenLab-Research/38-Endome_generation/results/Sqanti3_QC/sq3.annotated_splits/11/sq3.annotated_corrected.fasta
**** Parsing Reference Transcriptome....
No short-reads or coverage provided. Skipping short-read coverage calculation.
**** TSS ratio will not be calculated since SR information was not provided
**** Performing Classification of Isoforms....
Number of classified isoforms: 21595
Isoforms expression files not provided.
**** Writing output files....
Saving isoforms_info object to file....
SQANTI3 complete in 360.15433336794376 sec.
**** Parsing provided files....
Reading genome fasta /home/grocamora/RytenLab-Research/Additional_files/GENCODE/GRCh38.primary_assembly.genome.fa....
Correcting sequences
Correcting fasta
Skipping aligning of sequences because GTF file was provided.

Indels will be not calculated since you ran SQANTI3 without alignment step (SQANTI3 with gtf format as transcriptome input).
**** Predicting ORF sequences...
Running ORF prediction on /home/grocamora/RytenLab-Research/38-Endome_generation/results/Sqanti3_QC/sq3.annotated_splits/1/sq3.annotated_corrected.fasta
**** Parsing Reference Transcriptome....
No short-reads or coverage provided. Skipping short-read coverage calculation.
**** TSS ratio will not be calculated since SR information was not provided
**** Performing Classification of Isoforms....
Number of classified isoforms: 30657
Isoforms expression files not provided.
**** Writing output files....
Saving isoforms_info object to file....
SQANTI3 complete in 410.0063487291336 sec.
**** Parsing provided files....
Reading genome fasta /home/grocamora/RytenLab-Research/Additional_files/GENCODE/GRCh38.primary_assembly.genome.fa....
Correcting sequences
Correcting fasta
Skipping aligning of sequences because GTF file was provided.

Indels will be not calculated since you ran SQANTI3 without alignment step (SQANTI3 with gtf format as transcriptome input).
**** Predicting ORF sequences...
Running ORF prediction on /home/grocamora/RytenLab-Research/38-Endome_generation/results/Sqanti3_QC/sq3.annotated_splits/13/sq3.annotated_corrected.fasta
**** Parsing Reference Transcriptome....
No short-reads or coverage provided. Skipping short-read coverage calculation.
**** TSS ratio will not be calculated since SR information was not provided
**** Performing Classification of Isoforms....
Number of classified isoforms: 35193
Isoforms expression files not provided.
**** Writing output files....
Saving isoforms_info object to file....
SQANTI3 complete in 457.24183045327663 sec.
**** Parsing provided files....
Reading genome fasta /home/grocamora/RytenLab-Research/Additional_files/GENCODE/GRCh38.primary_assembly.genome.fa....
Correcting sequences
Correcting fasta
Skipping aligning of sequences because GTF file was provided.

Indels will be not calculated since you ran SQANTI3 without alignment step (SQANTI3 with gtf format as transcriptome input).
**** Predicting ORF sequences...
Running ORF prediction on /home/grocamora/RytenLab-Research/38-Endome_generation/results/Sqanti3_QC/sq3.annotated_splits/12/sq3.annotated_corrected.fasta
**** Parsing Reference Transcriptome....
No short-reads or coverage provided. Skipping short-read coverage calculation.
**** TSS ratio will not be calculated since SR information was not provided
**** Performing Classification of Isoforms....
Number of classified isoforms: 35420
Isoforms expression files not provided.
**** Writing output files....
Saving isoforms_info object to file....
SQANTI3 complete in 471.3023459017277 sec.
**** Parsing provided files....
Reading genome fasta /home/grocamora/RytenLab-Research/Additional_files/GENCODE/GRCh38.primary_assembly.genome.fa....
Correcting sequences
Correcting fasta
Skipping aligning of sequences because GTF file was provided.

Indels will be not calculated since you ran SQANTI3 without alignment step (SQANTI3 with gtf format as transcriptome input).
**** Predicting ORF sequences...
Running ORF prediction on /home/grocamora/RytenLab-Research/38-Endome_generation/results/Sqanti3_QC/sq3.annotated_splits/14/sq3.annotated_corrected.fasta
**** Parsing Reference Transcriptome....
No short-reads or coverage provided. Skipping short-read coverage calculation.
**** TSS ratio will not be calculated since SR information was not provided
**** Performing Classification of Isoforms....
Number of classified isoforms: 34969
Isoforms expression files not provided.
**** Writing output files....
Saving isoforms_info object to file....
SQANTI3 complete in 499.55669274926186 sec.
**** Parsing provided files....
Reading genome fasta /home/grocamora/RytenLab-Research/Additional_files/GENCODE/GRCh38.primary_assembly.genome.fa....
Correcting sequences
Correcting fasta
Skipping aligning of sequences because GTF file was provided.

Indels will be not calculated since you ran SQANTI3 without alignment step (SQANTI3 with gtf format as transcriptome input).
**** Predicting ORF sequences...
Running ORF prediction on /home/grocamora/RytenLab-Research/38-Endome_generation/results/Sqanti3_QC/sq3.annotated_splits/0/sq3.annotated_corrected.fasta
**** Parsing Reference Transcriptome....
No short-reads or coverage provided. Skipping short-read coverage calculation.
**** TSS ratio will not be calculated since SR information was not provided
**** Performing Classification of Isoforms....
Number of classified isoforms: 41840
Isoforms expression files not provided.
**** Writing output files....
Saving isoforms_info object to file....
SQANTI3 complete in 555.2410570532084 sec.
**** Parsing provided files....
Reading genome fasta /home/grocamora/RytenLab-Research/Additional_files/GENCODE/GRCh38.primary_assembly.genome.fa....
Correcting sequences
Correcting fasta
Skipping aligning of sequences because GTF file was provided.

Indels will be not calculated since you ran SQANTI3 without alignment step (SQANTI3 with gtf format as transcriptome input).
**** Predicting ORF sequences...
Running ORF prediction on /home/grocamora/RytenLab-Research/38-Endome_generation/results/Sqanti3_QC/sq3.annotated_splits/15/sq3.annotated_corrected.fasta
**** Parsing Reference Transcriptome....
No short-reads or coverage provided. Skipping short-read coverage calculation.
**** TSS ratio will not be calculated since SR information was not provided
**** Performing Classification of Isoforms....
Number of classified isoforms: 36850
Removing temporary files....
