Write arguments to /home/grocamora/RytenLab-Research/38-Endome_generation/Results/Sqanti3_QC_reference/sq3.reference.params.txt...
**** Running SQANTI3...
launching worker on /home/grocamora/RytenLab-Research/38-Endome_generation/Results/Sqanti3_QC_reference/sq3.reference_splits/0/gencode.v47.annotation.gtf.split0....
launching worker on /home/grocamora/RytenLab-Research/38-Endome_generation/Results/Sqanti3_QC_reference/sq3.reference_splits/1/gencode.v47.annotation.gtf.split1....
launching worker on /home/grocamora/RytenLab-Research/38-Endome_generation/Results/Sqanti3_QC_reference/sq3.reference_splits/2/gencode.v47.annotation.gtf.split2....
launching worker on /home/grocamora/RytenLab-Research/38-Endome_generation/Results/Sqanti3_QC_reference/sq3.reference_splits/3/gencode.v47.annotation.gtf.split3....
launching worker on /home/grocamora/RytenLab-Research/38-Endome_generation/Results/Sqanti3_QC_reference/sq3.reference_splits/4/gencode.v47.annotation.gtf.split4....
launching worker on /home/grocamora/RytenLab-Research/38-Endome_generation/Results/Sqanti3_QC_reference/sq3.reference_splits/5/gencode.v47.annotation.gtf.split5....
launching worker on /home/grocamora/RytenLab-Research/38-Endome_generation/Results/Sqanti3_QC_reference/sq3.reference_splits/6/gencode.v47.annotation.gtf.split6....
launching worker on /home/grocamora/RytenLab-Research/38-Endome_generation/Results/Sqanti3_QC_reference/sq3.reference_splits/7/gencode.v47.annotation.gtf.split7....
launching worker on /home/grocamora/RytenLab-Research/38-Endome_generation/Results/Sqanti3_QC_reference/sq3.reference_splits/8/gencode.v47.annotation.gtf.split8....
launching worker on /home/grocamora/RytenLab-Research/38-Endome_generation/Results/Sqanti3_QC_reference/sq3.reference_splits/9/gencode.v47.annotation.gtf.split9....
launching worker on /home/grocamora/RytenLab-Research/38-Endome_generation/Results/Sqanti3_QC_reference/sq3.reference_splits/10/gencode.v47.annotation.gtf.split10....
launching worker on /home/grocamora/RytenLab-Research/38-Endome_generation/Results/Sqanti3_QC_reference/sq3.reference_splits/11/gencode.v47.annotation.gtf.split11....
launching worker on /home/grocamora/RytenLab-Research/38-Endome_generation/Results/Sqanti3_QC_reference/sq3.reference_splits/12/gencode.v47.annotation.gtf.split12....
launching worker on /home/grocamora/RytenLab-Research/38-Endome_generation/Results/Sqanti3_QC_reference/sq3.reference_splits/13/gencode.v47.annotation.gtf.split13....
launching worker on /home/grocamora/RytenLab-Research/38-Endome_generation/Results/Sqanti3_QC_reference/sq3.reference_splits/14/gencode.v47.annotation.gtf.split14....
launching worker on /home/grocamora/RytenLab-Research/38-Endome_generation/Results/Sqanti3_QC_reference/sq3.reference_splits/15/gencode.v47.annotation.gtf.split15....
launching worker on /home/grocamora/RytenLab-Research/38-Endome_generation/Results/Sqanti3_QC_reference/sq3.reference_splits/16/gencode.v47.annotation.gtf.split16....
launching worker on /home/grocamora/RytenLab-Research/38-Endome_generation/Results/Sqanti3_QC_reference/sq3.reference_splits/17/gencode.v47.annotation.gtf.split17....
launching worker on /home/grocamora/RytenLab-Research/38-Endome_generation/Results/Sqanti3_QC_reference/sq3.reference_splits/18/gencode.v47.annotation.gtf.split18....
launching worker on /home/grocamora/RytenLab-Research/38-Endome_generation/Results/Sqanti3_QC_reference/sq3.reference_splits/19/gencode.v47.annotation.gtf.split19....
launching worker on /home/grocamora/RytenLab-Research/38-Endome_generation/Results/Sqanti3_QC_reference/sq3.reference_splits/20/gencode.v47.annotation.gtf.split20....
launching worker on /home/grocamora/RytenLab-Research/38-Endome_generation/Results/Sqanti3_QC_reference/sq3.reference_splits/21/gencode.v47.annotation.gtf.split21....
launching worker on /home/grocamora/RytenLab-Research/38-Endome_generation/Results/Sqanti3_QC_reference/sq3.reference_splits/22/gencode.v47.annotation.gtf.split22....
launching worker on /home/grocamora/RytenLab-Research/38-Endome_generation/Results/Sqanti3_QC_reference/sq3.reference_splits/23/gencode.v47.annotation.gtf.split23....
launching worker on /home/grocamora/RytenLab-Research/38-Endome_generation/Results/Sqanti3_QC_reference/sq3.reference_splits/24/gencode.v47.annotation.gtf.split24....
launching worker on /home/grocamora/RytenLab-Research/38-Endome_generation/Results/Sqanti3_QC_reference/sq3.reference_splits/25/gencode.v47.annotation.gtf.split25....
launching worker on /home/grocamora/RytenLab-Research/38-Endome_generation/Results/Sqanti3_QC_reference/sq3.reference_splits/26/gencode.v47.annotation.gtf.split26....
launching worker on /home/grocamora/RytenLab-Research/38-Endome_generation/Results/Sqanti3_QC_reference/sq3.reference_splits/27/gencode.v47.annotation.gtf.split27....
launching worker on /home/grocamora/RytenLab-Research/38-Endome_generation/Results/Sqanti3_QC_reference/sq3.reference_splits/28/gencode.v47.annotation.gtf.split28....
launching worker on /home/grocamora/RytenLab-Research/38-Endome_generation/Results/Sqanti3_QC_reference/sq3.reference_splits/29/gencode.v47.annotation.gtf.split29....
launching worker on /home/grocamora/RytenLab-Research/38-Endome_generation/Results/Sqanti3_QC_reference/sq3.reference_splits/30/gencode.v47.annotation.gtf.split30....
launching worker on /home/grocamora/RytenLab-Research/38-Endome_generation/Results/Sqanti3_QC_reference/sq3.reference_splits/31/gencode.v47.annotation.gtf.split31....
**** Parsing Isoforms....
**** Parsing Isoforms....
**** Parsing Isoforms....
**** Parsing Isoforms....
**** Parsing Isoforms....
**** Parsing Isoforms....
**** Parsing Isoforms....
**** Parsing Isoforms....
**** Parsing Isoforms....
**** Parsing Isoforms....
**** Parsing Isoforms....
**** Parsing Isoforms....
**** Parsing Isoforms....
**** Parsing Isoforms....
**** Parsing Isoforms....
**** Parsing Isoforms....
**** Parsing Isoforms....
**** Parsing Isoforms....
Isoforms expression files not provided.
**** Writing output files....
Saving isoforms_info object to file....
SQANTI3 complete in 120.19739983230829 sec.
**** Parsing provided files....
Reading genome fasta /home/grocamora/RytenLab-Research/Additional_files/GENCODE/GRCh38.primary_assembly.genome.fa....
Correcting sequences
Correcting fasta
Skipping aligning of sequences because GTF file was provided.

Indels will be not calculated since you ran SQANTI3 without alignment step (SQANTI3 with gtf format as transcriptome input).
**** Predicting ORF sequences...
Running ORF prediction on /home/grocamora/RytenLab-Research/38-Endome_generation/Results/Sqanti3_QC_reference/sq3.reference_splits/28/sq3.reference_corrected.fasta
**** Parsing Reference Transcriptome....
No short-reads or coverage provided. Skipping short-read coverage calculation.
**** TSS ratio will not be calculated since SR information was not provided
**** Performing Classification of Isoforms....
Number of classified isoforms: 5892
**** Parsing Isoforms....
**** Parsing Isoforms....
**** Parsing Isoforms....
Isoforms expression files not provided.
**** Writing output files....
Saving isoforms_info object to file....
SQANTI3 complete in 123.64421615749598 sec.
**** Parsing provided files....
Reading genome fasta /home/grocamora/RytenLab-Research/Additional_files/GENCODE/GRCh38.primary_assembly.genome.fa....
Correcting sequences
Correcting fasta
Skipping aligning of sequences because GTF file was provided.

Indels will be not calculated since you ran SQANTI3 without alignment step (SQANTI3 with gtf format as transcriptome input).
**** Predicting ORF sequences...
Running ORF prediction on /home/grocamora/RytenLab-Research/38-Endome_generation/Results/Sqanti3_QC_reference/sq3.reference_splits/30/sq3.reference_corrected.fasta
**** Parsing Reference Transcriptome....
No short-reads or coverage provided. Skipping short-read coverage calculation.
**** TSS ratio will not be calculated since SR information was not provided
**** Performing Classification of Isoforms....
Number of classified isoforms: 5940
**** Parsing Isoforms....
**** Parsing Isoforms....
**** Parsing Isoforms....
**** Parsing Isoforms....
**** Parsing Isoforms....
Isoforms expression files not provided.
**** Writing output files....
Saving isoforms_info object to file....
SQANTI3 complete in 132.39558786153793 sec.
**** Parsing provided files....
Reading genome fasta /home/grocamora/RytenLab-Research/Additional_files/GENCODE/GRCh38.primary_assembly.genome.fa....
Correcting sequences
Correcting fasta
Skipping aligning of sequences because GTF file was provided.

Indels will be not calculated since you ran SQANTI3 without alignment step (SQANTI3 with gtf format as transcriptome input).
**** Predicting ORF sequences...
Running ORF prediction on /home/grocamora/RytenLab-Research/38-Endome_generation/Results/Sqanti3_QC_reference/sq3.reference_splits/21/sq3.reference_corrected.fasta
**** Parsing Reference Transcriptome....
No short-reads or coverage provided. Skipping short-read coverage calculation.
**** TSS ratio will not be calculated since SR information was not provided
**** Performing Classification of Isoforms....
Number of classified isoforms: 5250
Isoforms expression files not provided.
**** Writing output files....
Saving isoforms_info object to file....
SQANTI3 complete in 134.46796895563602 sec.
**** Parsing provided files....
Reading genome fasta /home/grocamora/RytenLab-Research/Additional_files/GENCODE/GRCh38.primary_assembly.genome.fa....
Correcting sequences
Correcting fasta
Skipping aligning of sequences because GTF file was provided.

Indels will be not calculated since you ran SQANTI3 without alignment step (SQANTI3 with gtf format as transcriptome input).
**** Predicting ORF sequences...
Running ORF prediction on /home/grocamora/RytenLab-Research/38-Endome_generation/Results/Sqanti3_QC_reference/sq3.reference_splits/27/sq3.reference_corrected.fasta
**** Parsing Reference Transcriptome....
No short-reads or coverage provided. Skipping short-read coverage calculation.
**** TSS ratio will not be calculated since SR information was not provided
**** Performing Classification of Isoforms....
Number of classified isoforms: 6299
Isoforms expression files not provided.
**** Writing output files....
Saving isoforms_info object to file....
SQANTI3 complete in 135.57249230891466 sec.
**** Parsing provided files....
Reading genome fasta /home/grocamora/RytenLab-Research/Additional_files/GENCODE/GRCh38.primary_assembly.genome.fa....
Correcting sequences
Correcting fasta
Skipping aligning of sequences because GTF file was provided.

Indels will be not calculated since you ran SQANTI3 without alignment step (SQANTI3 with gtf format as transcriptome input).
**** Predicting ORF sequences...
Running ORF prediction on /home/grocamora/RytenLab-Research/38-Endome_generation/Results/Sqanti3_QC_reference/sq3.reference_splits/22/sq3.reference_corrected.fasta
**** Parsing Reference Transcriptome....
No short-reads or coverage provided. Skipping short-read coverage calculation.
**** TSS ratio will not be calculated since SR information was not provided
**** Performing Classification of Isoforms....
Number of classified isoforms: 5657
**** Parsing Isoforms....
Isoforms expression files not provided.
**** Writing output files....
Saving isoforms_info object to file....
**** Parsing Isoforms....
SQANTI3 complete in 138.1128132864833 sec.
Isoforms expression files not provided.
**** Parsing Isoforms....
**** Writing output files....
Saving isoforms_info object to file....
Isoforms expression files not provided.
SQANTI3 complete in 138.2095786333084 sec.
**** Writing output files....
Saving isoforms_info object to file....
SQANTI3 complete in 138.66063225269318 sec.
**** Parsing provided files....
Reading genome fasta /home/grocamora/RytenLab-Research/Additional_files/GENCODE/GRCh38.primary_assembly.genome.fa....
Correcting sequences
Correcting fasta
Skipping aligning of sequences because GTF file was provided.

Indels will be not calculated since you ran SQANTI3 without alignment step (SQANTI3 with gtf format as transcriptome input).
**** Predicting ORF sequences...
Running ORF prediction on /home/grocamora/RytenLab-Research/38-Endome_generation/Results/Sqanti3_QC_reference/sq3.reference_splits/16/sq3.reference_corrected.fasta
**** Parsing Reference Transcriptome....
No short-reads or coverage provided. Skipping short-read coverage calculation.
**** TSS ratio will not be calculated since SR information was not provided
**** Performing Classification of Isoforms....
Number of classified isoforms: 7102
**** Parsing provided files....
Reading genome fasta /home/grocamora/RytenLab-Research/Additional_files/GENCODE/GRCh38.primary_assembly.genome.fa....
Correcting sequences
Correcting fasta
Skipping aligning of sequences because GTF file was provided.

Indels will be not calculated since you ran SQANTI3 without alignment step (SQANTI3 with gtf format as transcriptome input).
**** Predicting ORF sequences...
Running ORF prediction on /home/grocamora/RytenLab-Research/38-Endome_generation/Results/Sqanti3_QC_reference/sq3.reference_splits/19/sq3.reference_corrected.fasta
**** Parsing Reference Transcriptome....
No short-reads or coverage provided. Skipping short-read coverage calculation.
**** TSS ratio will not be calculated since SR information was not provided
**** Performing Classification of Isoforms....
Number of classified isoforms: 7483
**** Parsing provided files....
Reading genome fasta /home/grocamora/RytenLab-Research/Additional_files/GENCODE/GRCh38.primary_assembly.genome.fa....
Correcting sequences
Correcting fasta
Skipping aligning of sequences because GTF file was provided.

Indels will be not calculated since you ran SQANTI3 without alignment step (SQANTI3 with gtf format as transcriptome input).
**** Predicting ORF sequences...
Running ORF prediction on /home/grocamora/RytenLab-Research/38-Endome_generation/Results/Sqanti3_QC_reference/sq3.reference_splits/26/sq3.reference_corrected.fasta
**** Parsing Reference Transcriptome....
No short-reads or coverage provided. Skipping short-read coverage calculation.
**** TSS ratio will not be calculated since SR information was not provided
**** Performing Classification of Isoforms....
Number of classified isoforms: 6228
**** Parsing Isoforms....
**** Parsing Isoforms....
Isoforms expression files not provided.
**** Writing output files....
Saving isoforms_info object to file....
SQANTI3 complete in 146.84744473546743 sec.
Isoforms expression files not provided.
**** Writing output files....
Saving isoforms_info object to file....
**** Parsing provided files....
Reading genome fasta /home/grocamora/RytenLab-Research/Additional_files/GENCODE/GRCh38.primary_assembly.genome.fa....
Correcting sequences
Correcting fasta
Skipping aligning of sequences because GTF file was provided.

Indels will be not calculated since you ran SQANTI3 without alignment step (SQANTI3 with gtf format as transcriptome input).
**** Predicting ORF sequences...
Running ORF prediction on /home/grocamora/RytenLab-Research/38-Endome_generation/Results/Sqanti3_QC_reference/sq3.reference_splits/9/sq3.reference_corrected.fasta
**** Parsing Reference Transcriptome....
No short-reads or coverage provided. Skipping short-read coverage calculation.
**** TSS ratio will not be calculated since SR information was not provided
**** Performing Classification of Isoforms....
Number of classified isoforms: 6545
SQANTI3 complete in 147.01033759117126 sec.
**** Parsing provided files....
Reading genome fasta /home/grocamora/RytenLab-Research/Additional_files/GENCODE/GRCh38.primary_assembly.genome.fa....
Correcting sequences
Correcting fasta
Skipping aligning of sequences because GTF file was provided.

Indels will be not calculated since you ran SQANTI3 without alignment step (SQANTI3 with gtf format as transcriptome input).
**** Predicting ORF sequences...
Running ORF prediction on /home/grocamora/RytenLab-Research/38-Endome_generation/Results/Sqanti3_QC_reference/sq3.reference_splits/20/sq3.reference_corrected.fasta
**** Parsing Reference Transcriptome....
No short-reads or coverage provided. Skipping short-read coverage calculation.
**** TSS ratio will not be calculated since SR information was not provided
**** Performing Classification of Isoforms....
Number of classified isoforms: 6506
Isoforms expression files not provided.
**** Writing output files....
Saving isoforms_info object to file....
SQANTI3 complete in 148.77431951463223 sec.
**** Parsing provided files....
Reading genome fasta /home/grocamora/RytenLab-Research/Additional_files/GENCODE/GRCh38.primary_assembly.genome.fa....
Correcting sequences
Correcting fasta
Skipping aligning of sequences because GTF file was provided.

Indels will be not calculated since you ran SQANTI3 without alignment step (SQANTI3 with gtf format as transcriptome input).
**** Predicting ORF sequences...
Running ORF prediction on /home/grocamora/RytenLab-Research/38-Endome_generation/Results/Sqanti3_QC_reference/sq3.reference_splits/8/sq3.reference_corrected.fasta
**** Parsing Reference Transcriptome....
No short-reads or coverage provided. Skipping short-read coverage calculation.
**** TSS ratio will not be calculated since SR information was not provided
**** Performing Classification of Isoforms....
Number of classified isoforms: 6697
**** Parsing Isoforms....
Isoforms expression files not provided.
**** Writing output files....
Saving isoforms_info object to file....
SQANTI3 complete in 154.7906054854393 sec.
**** Parsing provided files....
Reading genome fasta /home/grocamora/RytenLab-Research/Additional_files/GENCODE/GRCh38.primary_assembly.genome.fa....
Correcting sequences
Correcting fasta
Skipping aligning of sequences because GTF file was provided.

Indels will be not calculated since you ran SQANTI3 without alignment step (SQANTI3 with gtf format as transcriptome input).
**** Predicting ORF sequences...
Running ORF prediction on /home/grocamora/RytenLab-Research/38-Endome_generation/Results/Sqanti3_QC_reference/sq3.reference_splits/18/sq3.reference_corrected.fasta
**** Parsing Reference Transcriptome....
No short-reads or coverage provided. Skipping short-read coverage calculation.
**** TSS ratio will not be calculated since SR information was not provided
**** Performing Classification of Isoforms....
Number of classified isoforms: 9065
Isoforms expression files not provided.
**** Writing output files....
Saving isoforms_info object to file....
SQANTI3 complete in 159.98664229363203 sec.
**** Parsing provided files....
Reading genome fasta /home/grocamora/RytenLab-Research/Additional_files/GENCODE/GRCh38.primary_assembly.genome.fa....
Correcting sequences
Correcting fasta
Skipping aligning of sequences because GTF file was provided.

Indels will be not calculated since you ran SQANTI3 without alignment step (SQANTI3 with gtf format as transcriptome input).
**** Predicting ORF sequences...
Running ORF prediction on /home/grocamora/RytenLab-Research/38-Endome_generation/Results/Sqanti3_QC_reference/sq3.reference_splits/25/sq3.reference_corrected.fasta
**** Parsing Reference Transcriptome....
No short-reads or coverage provided. Skipping short-read coverage calculation.
**** TSS ratio will not be calculated since SR information was not provided
**** Performing Classification of Isoforms....
Number of classified isoforms: 9090
Isoforms expression files not provided.
**** Writing output files....
Saving isoforms_info object to file....
SQANTI3 complete in 166.54464060813189 sec.
**** Parsing provided files....
Reading genome fasta /home/grocamora/RytenLab-Research/Additional_files/GENCODE/GRCh38.primary_assembly.genome.fa....
Correcting sequences
Correcting fasta
Skipping aligning of sequences because GTF file was provided.

Indels will be not calculated since you ran SQANTI3 without alignment step (SQANTI3 with gtf format as transcriptome input).
**** Predicting ORF sequences...
Running ORF prediction on /home/grocamora/RytenLab-Research/38-Endome_generation/Results/Sqanti3_QC_reference/sq3.reference_splits/23/sq3.reference_corrected.fasta
**** Parsing Reference Transcriptome....
No short-reads or coverage provided. Skipping short-read coverage calculation.
**** TSS ratio will not be calculated since SR information was not provided
**** Performing Classification of Isoforms....
Number of classified isoforms: 10560
Isoforms expression files not provided.
**** Writing output files....
Saving isoforms_info object to file....
SQANTI3 complete in 169.0613919943571 sec.
**** Parsing provided files....
Reading genome fasta /home/grocamora/RytenLab-Research/Additional_files/GENCODE/GRCh38.primary_assembly.genome.fa....
Correcting sequences
Correcting fasta
Skipping aligning of sequences because GTF file was provided.

Indels will be not calculated since you ran SQANTI3 without alignment step (SQANTI3 with gtf format as transcriptome input).
**** Predicting ORF sequences...
Running ORF prediction on /home/grocamora/RytenLab-Research/38-Endome_generation/Results/Sqanti3_QC_reference/sq3.reference_splits/14/sq3.reference_corrected.fasta
**** Parsing Reference Transcriptome....
No short-reads or coverage provided. Skipping short-read coverage calculation.
**** TSS ratio will not be calculated since SR information was not provided
**** Performing Classification of Isoforms....
Number of classified isoforms: 7951
Isoforms expression files not provided.
**** Writing output files....
Saving isoforms_info object to file....
SQANTI3 complete in 181.7687306329608 sec.
**** Parsing provided files....
Reading genome fasta /home/grocamora/RytenLab-Research/Additional_files/GENCODE/GRCh38.primary_assembly.genome.fa....
Correcting sequences
Correcting fasta
Skipping aligning of sequences because GTF file was provided.

Indels will be not calculated since you ran SQANTI3 without alignment step (SQANTI3 with gtf format as transcriptome input).
**** Predicting ORF sequences...
Running ORF prediction on /home/grocamora/RytenLab-Research/38-Endome_generation/Results/Sqanti3_QC_reference/sq3.reference_splits/13/sq3.reference_corrected.fasta
**** Parsing Reference Transcriptome....
No short-reads or coverage provided. Skipping short-read coverage calculation.
**** TSS ratio will not be calculated since SR information was not provided
**** Performing Classification of Isoforms....
Number of classified isoforms: 11668
Isoforms expression files not provided.
**** Writing output files....
Saving isoforms_info object to file....
SQANTI3 complete in 186.49755463004112 sec.
**** Parsing provided files....
Reading genome fasta /home/grocamora/RytenLab-Research/Additional_files/GENCODE/GRCh38.primary_assembly.genome.fa....
Correcting sequences
Correcting fasta
Skipping aligning of sequences because GTF file was provided.

Indels will be not calculated since you ran SQANTI3 without alignment step (SQANTI3 with gtf format as transcriptome input).
**** Predicting ORF sequences...
Running ORF prediction on /home/grocamora/RytenLab-Research/38-Endome_generation/Results/Sqanti3_QC_reference/sq3.reference_splits/12/sq3.reference_corrected.fasta
**** Parsing Reference Transcriptome....
No short-reads or coverage provided. Skipping short-read coverage calculation.
**** TSS ratio will not be calculated since SR information was not provided
**** Performing Classification of Isoforms....
Number of classified isoforms: 11871
Isoforms expression files not provided.
**** Writing output files....
Saving isoforms_info object to file....
SQANTI3 complete in 191.58832368254662 sec.
Isoforms expression files not provided.
**** Writing output files....
Saving isoforms_info object to file....
SQANTI3 complete in 190.6741807758808 sec.
**** Parsing provided files....
Reading genome fasta /home/grocamora/RytenLab-Research/Additional_files/GENCODE/GRCh38.primary_assembly.genome.fa....
Correcting sequences
Correcting fasta
Skipping aligning of sequences because GTF file was provided.

Indels will be not calculated since you ran SQANTI3 without alignment step (SQANTI3 with gtf format as transcriptome input).
**** Predicting ORF sequences...
Running ORF prediction on /home/grocamora/RytenLab-Research/38-Endome_generation/Results/Sqanti3_QC_reference/sq3.reference_splits/31/sq3.reference_corrected.fasta
**** Parsing Reference Transcriptome....
No short-reads or coverage provided. Skipping short-read coverage calculation.
**** TSS ratio will not be calculated since SR information was not provided
**** Performing Classification of Isoforms....
Number of classified isoforms: 7295
**** Parsing provided files....
Reading genome fasta /home/grocamora/RytenLab-Research/Additional_files/GENCODE/GRCh38.primary_assembly.genome.fa....
Correcting sequences
Correcting fasta
Skipping aligning of sequences because GTF file was provided.

Indels will be not calculated since you ran SQANTI3 without alignment step (SQANTI3 with gtf format as transcriptome input).
**** Predicting ORF sequences...
Running ORF prediction on /home/grocamora/RytenLab-Research/38-Endome_generation/Results/Sqanti3_QC_reference/sq3.reference_splits/7/sq3.reference_corrected.fasta
**** Parsing Reference Transcriptome....
No short-reads or coverage provided. Skipping short-read coverage calculation.
**** TSS ratio will not be calculated since SR information was not provided
**** Performing Classification of Isoforms....
Number of classified isoforms: 8303
Isoforms expression files not provided.
**** Writing output files....
Saving isoforms_info object to file....
SQANTI3 complete in 196.14876371622086 sec.
Isoforms expression files not provided.
**** Writing output files....
Saving isoforms_info object to file....
SQANTI3 complete in 196.95827911049128 sec.
**** Parsing provided files....
Reading genome fasta /home/grocamora/RytenLab-Research/Additional_files/GENCODE/GRCh38.primary_assembly.genome.fa....
Correcting sequences
Correcting fasta
Skipping aligning of sequences because GTF file was provided.

Indels will be not calculated since you ran SQANTI3 without alignment step (SQANTI3 with gtf format as transcriptome input).
**** Predicting ORF sequences...
Running ORF prediction on /home/grocamora/RytenLab-Research/38-Endome_generation/Results/Sqanti3_QC_reference/sq3.reference_splits/17/sq3.reference_corrected.fasta
**** Parsing Reference Transcriptome....
No short-reads or coverage provided. Skipping short-read coverage calculation.
**** TSS ratio will not be calculated since SR information was not provided
**** Performing Classification of Isoforms....
Number of classified isoforms: 10403
**** Parsing provided files....
Reading genome fasta /home/grocamora/RytenLab-Research/Additional_files/GENCODE/GRCh38.primary_assembly.genome.fa....
Correcting sequences
Correcting fasta
Skipping aligning of sequences because GTF file was provided.

Indels will be not calculated since you ran SQANTI3 without alignment step (SQANTI3 with gtf format as transcriptome input).
**** Predicting ORF sequences...
Running ORF prediction on /home/grocamora/RytenLab-Research/38-Endome_generation/Results/Sqanti3_QC_reference/sq3.reference_splits/10/sq3.reference_corrected.fasta
**** Parsing Reference Transcriptome....
No short-reads or coverage provided. Skipping short-read coverage calculation.
**** TSS ratio will not be calculated since SR information was not provided
**** Performing Classification of Isoforms....
Number of classified isoforms: 12426
Isoforms expression files not provided.
**** Writing output files....
Saving isoforms_info object to file....
SQANTI3 complete in 207.05806858837605 sec.
**** Parsing provided files....
Reading genome fasta /home/grocamora/RytenLab-Research/Additional_files/GENCODE/GRCh38.primary_assembly.genome.fa....
Correcting sequences
Correcting fasta
Skipping aligning of sequences because GTF file was provided.

Indels will be not calculated since you ran SQANTI3 without alignment step (SQANTI3 with gtf format as transcriptome input).
**** Predicting ORF sequences...
Running ORF prediction on /home/grocamora/RytenLab-Research/38-Endome_generation/Results/Sqanti3_QC_reference/sq3.reference_splits/11/sq3.reference_corrected.fasta
**** Parsing Reference Transcriptome....
No short-reads or coverage provided. Skipping short-read coverage calculation.
**** TSS ratio will not be calculated since SR information was not provided
**** Performing Classification of Isoforms....
Number of classified isoforms: 11947
Isoforms expression files not provided.
**** Writing output files....
Saving isoforms_info object to file....
SQANTI3 complete in 209.524603292346 sec.
**** Parsing provided files....
Reading genome fasta /home/grocamora/RytenLab-Research/Additional_files/GENCODE/GRCh38.primary_assembly.genome.fa....
Correcting sequences
Correcting fasta
Skipping aligning of sequences because GTF file was provided.

Indels will be not calculated since you ran SQANTI3 without alignment step (SQANTI3 with gtf format as transcriptome input).
**** Predicting ORF sequences...
Running ORF prediction on /home/grocamora/RytenLab-Research/38-Endome_generation/Results/Sqanti3_QC_reference/sq3.reference_splits/29/sq3.reference_corrected.fasta
**** Parsing Reference Transcriptome....
No short-reads or coverage provided. Skipping short-read coverage calculation.
**** TSS ratio will not be calculated since SR information was not provided
**** Performing Classification of Isoforms....
Number of classified isoforms: 7387
Isoforms expression files not provided.
**** Writing output files....
Saving isoforms_info object to file....
SQANTI3 complete in 225.84198067337275 sec.
**** Parsing provided files....
Reading genome fasta /home/grocamora/RytenLab-Research/Additional_files/GENCODE/GRCh38.primary_assembly.genome.fa....
Correcting sequences
Correcting fasta
Skipping aligning of sequences because GTF file was provided.

Indels will be not calculated since you ran SQANTI3 without alignment step (SQANTI3 with gtf format as transcriptome input).
**** Predicting ORF sequences...
Running ORF prediction on /home/grocamora/RytenLab-Research/38-Endome_generation/Results/Sqanti3_QC_reference/sq3.reference_splits/15/sq3.reference_corrected.fasta
**** Parsing Reference Transcriptome....
No short-reads or coverage provided. Skipping short-read coverage calculation.
**** TSS ratio will not be calculated since SR information was not provided
**** Performing Classification of Isoforms....
Number of classified isoforms: 15663
Isoforms expression files not provided.
**** Writing output files....
Saving isoforms_info object to file....
SQANTI3 complete in 255.73167139291763 sec.
**** Parsing provided files....
Reading genome fasta /home/grocamora/RytenLab-Research/Additional_files/GENCODE/GRCh38.primary_assembly.genome.fa....
Correcting sequences
Correcting fasta
Skipping aligning of sequences because GTF file was provided.

Indels will be not calculated since you ran SQANTI3 without alignment step (SQANTI3 with gtf format as transcriptome input).
**** Predicting ORF sequences...
Running ORF prediction on /home/grocamora/RytenLab-Research/38-Endome_generation/Results/Sqanti3_QC_reference/sq3.reference_splits/6/sq3.reference_corrected.fasta
**** Parsing Reference Transcriptome....
No short-reads or coverage provided. Skipping short-read coverage calculation.
**** TSS ratio will not be calculated since SR information was not provided
**** Performing Classification of Isoforms....
Number of classified isoforms: 16004
Isoforms expression files not provided.
**** Writing output files....
Saving isoforms_info object to file....
SQANTI3 complete in 261.34297183156013 sec.
**** Parsing provided files....
Reading genome fasta /home/grocamora/RytenLab-Research/Additional_files/GENCODE/GRCh38.primary_assembly.genome.fa....
Correcting sequences
Correcting fasta
Skipping aligning of sequences because GTF file was provided.

Indels will be not calculated since you ran SQANTI3 without alignment step (SQANTI3 with gtf format as transcriptome input).
**** Predicting ORF sequences...
Running ORF prediction on /home/grocamora/RytenLab-Research/38-Endome_generation/Results/Sqanti3_QC_reference/sq3.reference_splits/5/sq3.reference_corrected.fasta
**** Parsing Reference Transcriptome....
No short-reads or coverage provided. Skipping short-read coverage calculation.
**** TSS ratio will not be calculated since SR information was not provided
**** Performing Classification of Isoforms....
Number of classified isoforms: 18220
Isoforms expression files not provided.
**** Writing output files....
Saving isoforms_info object to file....
SQANTI3 complete in 300.4545805081725 sec.
**** Parsing provided files....
Reading genome fasta /home/grocamora/RytenLab-Research/Additional_files/GENCODE/GRCh38.primary_assembly.genome.fa....
Correcting sequences
Correcting fasta
Skipping aligning of sequences because GTF file was provided.

Indels will be not calculated since you ran SQANTI3 without alignment step (SQANTI3 with gtf format as transcriptome input).
**** Predicting ORF sequences...
Running ORF prediction on /home/grocamora/RytenLab-Research/38-Endome_generation/Results/Sqanti3_QC_reference/sq3.reference_splits/4/sq3.reference_corrected.fasta
**** Parsing Reference Transcriptome....
No short-reads or coverage provided. Skipping short-read coverage calculation.
**** TSS ratio will not be calculated since SR information was not provided
**** Performing Classification of Isoforms....
Number of classified isoforms: 21732
Isoforms expression files not provided.
**** Writing output files....
Saving isoforms_info object to file....
SQANTI3 complete in 340.4187987372279 sec.
**** Parsing provided files....
Reading genome fasta /home/grocamora/RytenLab-Research/Additional_files/GENCODE/GRCh38.primary_assembly.genome.fa....
Correcting sequences
Correcting fasta
Skipping aligning of sequences because GTF file was provided.

Indels will be not calculated since you ran SQANTI3 without alignment step (SQANTI3 with gtf format as transcriptome input).
**** Predicting ORF sequences...
Running ORF prediction on /home/grocamora/RytenLab-Research/38-Endome_generation/Results/Sqanti3_QC_reference/sq3.reference_splits/2/sq3.reference_corrected.fasta
**** Parsing Reference Transcriptome....
No short-reads or coverage provided. Skipping short-read coverage calculation.
**** TSS ratio will not be calculated since SR information was not provided
**** Performing Classification of Isoforms....
Number of classified isoforms: 23773
Isoforms expression files not provided.
**** Writing output files....
Saving isoforms_info object to file....
SQANTI3 complete in 346.3775001913309 sec.
**** Parsing provided files....
Reading genome fasta /home/grocamora/RytenLab-Research/Additional_files/GENCODE/GRCh38.primary_assembly.genome.fa....
Correcting sequences
Correcting fasta
Skipping aligning of sequences because GTF file was provided.

Indels will be not calculated since you ran SQANTI3 without alignment step (SQANTI3 with gtf format as transcriptome input).
**** Predicting ORF sequences...
Running ORF prediction on /home/grocamora/RytenLab-Research/38-Endome_generation/Results/Sqanti3_QC_reference/sq3.reference_splits/3/sq3.reference_corrected.fasta
**** Parsing Reference Transcriptome....
No short-reads or coverage provided. Skipping short-read coverage calculation.
**** TSS ratio will not be calculated since SR information was not provided
**** Performing Classification of Isoforms....
Number of classified isoforms: 24256
Isoforms expression files not provided.
**** Writing output files....
Saving isoforms_info object to file....
SQANTI3 complete in 351.5572539269924 sec.
**** Parsing provided files....
Reading genome fasta /home/grocamora/RytenLab-Research/Additional_files/GENCODE/GRCh38.primary_assembly.genome.fa....
Correcting sequences
Correcting fasta
Skipping aligning of sequences because GTF file was provided.

Indels will be not calculated since you ran SQANTI3 without alignment step (SQANTI3 with gtf format as transcriptome input).
**** Predicting ORF sequences...
Running ORF prediction on /home/grocamora/RytenLab-Research/38-Endome_generation/Results/Sqanti3_QC_reference/sq3.reference_splits/24/sq3.reference_corrected.fasta
**** Parsing Reference Transcriptome....
No short-reads or coverage provided. Skipping short-read coverage calculation.
**** TSS ratio will not be calculated since SR information was not provided
**** Performing Classification of Isoforms....
Number of classified isoforms: 23290
Isoforms expression files not provided.
**** Writing output files....
Saving isoforms_info object to file....
SQANTI3 complete in 360.3856070190668 sec.
**** Parsing provided files....
Reading genome fasta /home/grocamora/RytenLab-Research/Additional_files/GENCODE/GRCh38.primary_assembly.genome.fa....
Correcting sequences
Correcting fasta
Skipping aligning of sequences because GTF file was provided.

Indels will be not calculated since you ran SQANTI3 without alignment step (SQANTI3 with gtf format as transcriptome input).
**** Predicting ORF sequences...
Running ORF prediction on /home/grocamora/RytenLab-Research/38-Endome_generation/Results/Sqanti3_QC_reference/sq3.reference_splits/1/sq3.reference_corrected.fasta
**** Parsing Reference Transcriptome....
No short-reads or coverage provided. Skipping short-read coverage calculation.
**** TSS ratio will not be calculated since SR information was not provided
**** Performing Classification of Isoforms....
Number of classified isoforms: 25780
Isoforms expression files not provided.
**** Writing output files....
Saving isoforms_info object to file....
SQANTI3 complete in 410.929666146636 sec.
**** Parsing provided files....
Reading genome fasta /home/grocamora/RytenLab-Research/Additional_files/GENCODE/GRCh38.primary_assembly.genome.fa....
Correcting sequences
Correcting fasta
Skipping aligning of sequences because GTF file was provided.

Indels will be not calculated since you ran SQANTI3 without alignment step (SQANTI3 with gtf format as transcriptome input).
**** Predicting ORF sequences...
Running ORF prediction on /home/grocamora/RytenLab-Research/38-Endome_generation/Results/Sqanti3_QC_reference/sq3.reference_splits/0/sq3.reference_corrected.fasta
**** Parsing Reference Transcriptome....
No short-reads or coverage provided. Skipping short-read coverage calculation.
**** TSS ratio will not be calculated since SR information was not provided
**** Performing Classification of Isoforms....
Number of classified isoforms: 29376
Removing temporary files....
**** Generating SQANTI3 report....
Loading required package: Biobase
Loading required package: BiocGenerics

Attaching package: ‘BiocGenerics’

The following object is masked from ‘package:gridExtra’:

    combine

The following objects are masked from ‘package:stats’:

    IQR, mad, sd, var, xtabs

The following objects are masked from ‘package:base’:

    Filter, Find, Map, Position, Reduce, anyDuplicated, aperm, append,
    as.data.frame, basename, cbind, colnames, dirname, do.call,
    duplicated, eval, evalq, get, grep, grepl, intersect, is.unsorted,
    lapply, mapply, match, mget, order, paste, pmax, pmax.int, pmin,
    pmin.int, rank, rbind, rownames, sapply, setdiff, sort, table,
    tapply, union, unique, unsplit, which.max, which.min

Welcome to Bioconductor

    Vignettes contain introductory material; view with
    'browseVignettes()'. To cite Bioconductor, see
    'citation("Biobase")', and for packages 'citation("pkgname")'.

Loading required package: splines
Loading required package: Matrix

Attaching package: ‘Matrix’

The following object is masked from ‘package:reshape’:

    expand


Attaching package: ‘plyr’

The following objects are masked from ‘package:reshape’:

    rename, round_any


Attaching package: ‘plotly’

The following objects are masked from ‘package:plyr’:

    arrange, mutate, rename, summarise

The following object is masked from ‘package:reshape’:

    rename

The following object is masked from ‘package:ggplot2’:

    last_plot

The following object is masked from ‘package:stats’:

    filter

The following object is masked from ‘package:graphics’:

    layout


Attaching package: ‘dplyr’

The following objects are masked from ‘package:plyr’:

    arrange, count, desc, failwith, id, mutate, rename, summarise,
    summarize

The following object is masked from ‘package:Biobase’:

    combine

The following objects are masked from ‘package:BiocGenerics’:

    combine, intersect, setdiff, union

The following object is masked from ‘package:gridExtra’:

    combine

The following object is masked from ‘package:reshape’:

    rename

The following objects are masked from ‘package:stats’:

    filter, lag

The following objects are masked from ‘package:base’:

    intersect, setdiff, setequal, union

Warning message:
The `size` argument of `element_line()` is deprecated as of ggplot2 3.4.0.
ℹ Please use the `linewidth` argument instead. 
Warning message:
Using `size` aesthetic for lines was deprecated in ggplot2 3.4.0.
ℹ Please use `linewidth` instead. 
Warning message:
A numeric `legend.position` argument in `theme()` was deprecated in ggplot2
3.5.0.
ℹ Please use the `legend.position.inside` argument of `theme()` instead. 
`summarise()` has grouped output by 'lenCat'. You can override using the
`.groups` argument.
`summarise()` has grouped output by 'associated_transcript'. You can override
using the `.groups` argument.
`summarise()` has grouped output by 'associated_transcript'. You can override
using the `.groups` argument.


processing file: SQANTI3_report.Rmd
1/202                                              
2/202 [setup]                                      
3/202                                              
4/202 [unnamed-chunk-1]                            
5/202                                              
6/202 [unnamed-chunk-2]                            
7/202                                              
8/202 [unnamed-chunk-3]                            
9/202                                              
10/202 [p0]                                         
11/202                                              
12/202 [p7]                                         
13/202                                              
14/202 [p.classByLen.a]                             
15/202                                              
16/202 [p.classByLen.b]                             
17/202                                              
18/202 [p.length.all]                               
19/202                                              
20/202 [p.length.cat]                               
21/202                                              
22/202 [p.length.exon]                              
23/202                                              
24/202 [unnamed-chunk-4]                            
25/202                                              
26/202 [unnamed-chunk-5]                            
27/202                                              
28/202 [p6]                                         
29/202                                              
30/202 [unnamed-chunk-6]                            
31/202                                              
32/202 [p10]                                        
33/202                                              
34/202 [p11]                                        
35/202                                              
36/202 [p1]                                         
37/202                                              
38/202 [p1.s.list]                                  
39/202                                              
40/202 [p4]                                         
41/202                                              
42/202 [p4.s1_p4.s2_p4.s3]                          
43/202                                              
44/202 [p5]                                         
45/202                                              
46/202 [p5.s1_p5.s2_p5.s3]                          
47/202                                              
48/202 [unnamed-chunk-7]                            
49/202                                              
50/202 [unnamed-chunk-8]                            
51/202                                              
52/202 [unnamed-chunk-9]                            
53/202                                              
54/202 [unnamed-chunk-10]                           
55/202                                              
56/202 [unnamed-chunk-11]                           
57/202                                              
58/202 [unnamed-chunk-12]                           
59/202                                              
60/202 [unnamed-chunk-13]                           
61/202                                              
62/202 [unnamed-chunk-14]                           
63/202                                              
64/202 [unnamed-chunk-15]                           
65/202                                              
66/202 [unnamed-chunk-16]                           
67/202                                              
68/202 [p23.a_p23.b_p29.a_p29.b]                    
69/202                                              
70/202 [p23.a_p23.b]                                
71/202                                              
72/202 [p29.a_p29.b]                                
73/202                                              
74/202 [unnamed-chunk-17]                           
75/202                                              
76/202 [p21.a_p21.b_p21.dist3.ISM.a_p21.dist3.ISM.b]
77/202 [p21.a_p21.b]                                
78/202                                              
79/202 [p21.a]                                      
80/202                                              
81/202 [p21.b]                                      
82/202                                              
83/202 [p21.dist3.ISM.a_p21.dist3.ISM.b]            
84/202                                              
85/202 [p21.dist3.ISM.a]                            
86/202 [p21.dist3.ISM.b]                            
87/202                                              
88/202 [p22.a_p22.b_p22.dist3.ISM.a_p22.dist3.ISM.b]
89/202                                              
90/202 [p22.a_p22.b]                                
91/202                                              
92/202 [p22.a]                                      
93/202                                              
94/202 [p22.b]                                      
95/202                                              
96/202 [p22.dist3.ISM.a_p22.dist3.ISM.b]            
97/202                                              
98/202 [p22.dist3.ISM.a]                            
99/202 [p22.dist3.ISM.b]                            
100/202                                              
101/202 [unnamed-chunk-18]                           
102/202                                              
103/202 [unnamed-chunk-19]                           
104/202                                              
105/202 [unnamed-chunk-20]                           
106/202                                              
107/202 [p21.ISM.list]                               
108/202                                              
109/202 [unnamed-chunk-21]                           
110/202                                              
111/202 [p22.FSM.list]                               
112/202                                              
113/202 [p22.ISM.list]                               
114/202                                              
115/202 [unnamed-chunk-22]                           
116/202                                              
117/202 [unnamed-chunk-23]                           
118/202                                              
119/202 [unnamed-chunk-24]                           
120/202                                              
121/202 [unnamed-chunk-25]                           
122/202                                              
123/202 [unnamed-chunk-26]                           
124/202                                              
125/202 [unnamed-chunk-27]                           
126/202                                              
127/202 [unnamed-chunk-28]                           
128/202                                              
129/202 [unnamed-chunk-29]                           
130/202                                              
131/202 [unnamed-chunk-30]                           
132/202                                              
133/202 [unnamed-chunk-31]                           
134/202                                              
135/202 [unnamed-chunk-32]                           
136/202                                              
137/202 [unnamed-chunk-33]                           
138/202                                              
139/202 [unnamed-chunk-34]                           
140/202                                              
141/202 [unnamed-chunk-35]                           
142/202                                              
143/202 [unnamed-chunk-36]                           
144/202                                              
145/202 [unnamed-chunk-37]                           
146/202                                              
147/202 [unnamed-chunk-38]                           
148/202                                              
149/202 [unnamed-chunk-39]                           
150/202                                              
151/202 [unnamed-chunk-40]                           
152/202                                              
153/202 [unnamed-chunk-41]                           
154/202                                              
155/202 [unnamed-chunk-42]                           
156/202                                              
157/202 [unnamed-chunk-43]                           
158/202                                              
159/202 [unnamed-chunk-44]                           
160/202                                              
161/202 [unnamed-chunk-45]                           
162/202                                              
163/202 [unnamed-chunk-46]                           
164/202                                              
165/202 [unnamed-chunk-47]                           
166/202                                              
167/202 [unnamed-chunk-48]                           
168/202                                              
169/202 [unnamed-chunk-49]                           
170/202                                              
171/202 [p30]                                        
172/202                                              
173/202 [p31]                                        
174/202                                              
175/202 [p32]                                        
176/202                                              
177/202 [saturation]                                 
178/202                                              
179/202 [unnamed-chunk-50]                           
180/202                                              
181/202 [unnamed-chunk-51]                           
182/202                                              
183/202 [unnamed-chunk-52]                           
184/202                                              
185/202 [unnamed-chunk-53]                           
186/202                                              
187/202 [unnamed-chunk-54]                           
188/202                                              
189/202 [unnamed-chunk-55]                           
190/202                                              
191/202 [unnamed-chunk-56]                           
192/202                                              
193/202 [unnamed-chunk-57]                           
194/202                                              
195/202 [unnamed-chunk-58]                           
196/202                                              
197/202 [unnamed-chunk-59]                           
198/202                                              
199/202 [unnamed-chunk-60]                           
200/202                                              
201/202 [unnamed-chunk-61]                           
202/202                                              
output file: /home/grocamora/RytenLab-Research/38-Endome_generation/Results/Sqanti3_QC_reference/SQANTI3_report.knit.md

/home/grocamora/RytenLab-Research/38-Endome_generation/.snakemake/conda/sq3_env/bin/pandoc +RTS -K512m -RTS /home/grocamora/RytenLab-Research/38-Endome_generation/Results/Sqanti3_QC_reference/SQANTI3_report.knit.md --to html4 --from markdown+autolink_bare_uris+tex_math_single_backslash --output /home/grocamora/RytenLab-Research/38-Endome_generation/Results/Sqanti3_QC_reference/sq3.reference_SQANTI3_report.html --lua-filter /home/grocamora/RytenLab-Research/38-Endome_generation/.snakemake/conda/sq3_env/lib/R/library/rmarkdown/rmarkdown/lua/pagebreak.lua --lua-filter /home/grocamora/RytenLab-Research/38-Endome_generation/.snakemake/conda/sq3_env/lib/R/library/rmarkdown/rmarkdown/lua/latex-div.lua --lua-filter /home/grocamora/RytenLab-Research/38-Endome_generation/.snakemake/conda/sq3_env/lib/R/library/rmarkdown/rmarkdown/lua/table-classes.lua --embed-resources --standalone --variable bs3=TRUE --section-divs --table-of-contents --toc-depth 3 --variable toc_float=1 --variable toc_selectors=h1,h2,h3 --variable toc_collapsed=1 --variable toc_smooth_scroll=1 --variable toc_print=1 --template /home/grocamora/RytenLab-Research/38-Endome_generation/.snakemake/conda/sq3_env/lib/R/library/rmarkdown/rmd/h/default.html --no-highlight --variable highlightjs=1 --variable theme=bootstrap --css style.css --mathjax --variable 'mathjax-url=https://mathjax.rstudio.com/latest/MathJax.js?config=TeX-AMS-MML_HTMLorMML' --include-in-header /tmp/RtmpMxJnWd/rmarkdown-str2f8001ff8788d.html 

Output created: Results/Sqanti3_QC_reference/sq3.reference_SQANTI3_report.html
