Prefix for output files: gffcompare
Loading reference transcripts..
Warning: merging adjacent/overlapping segments (distance=1) of ENST00000641094.2 on chr1 (41381616-41382200, 41382202-41382681)
Warning: merging adjacent/overlapping segments (distance=1) of ENST00000686812.1 on chr1 (41381616-41382200, 41382202-41382681)
Warning: merging adjacent/overlapping segments (distance=1) of ENST00000635322.1 on chr1 (151767163-151767223, 151767225-151767299)
Warning: merging adjacent/overlapping segments (distance=1) of ENST00000321531.10 on chr1 (151767163-151767223, 151767225-151767299)
Warning: merging adjacent/overlapping segments (distance=1) of ENST00000453029.2 on chr1 (151767163-151767223, 151767225-151767299)
Warning: merging adjacent/overlapping segments (distance=1) of ENST00000479764.7 on chr1 (151767163-151767223, 151767225-151767299)
Warning: merging adjacent/overlapping segments (distance=1) of ENST00000400999.7 on chr1 (151767163-151767223, 151767225-151767299)
Warning: merging adjacent/overlapping segments (distance=1) of ENST00000635374.1 on chr1 (151767194-151767223, 151767225-151767299)
Warning: merging adjacent/overlapping segments (distance=2) of ENST00000436261.7 on chr3 (44491766-44499299, 44499302-44500634)
Warning: merging adjacent/overlapping segments (distance=2) of ENST00000715584.1 on chr3 (44491766-44499299, 44499302-44500637)
Warning: merging adjacent/overlapping segments (distance=2) of ENST00000612748.1 on chr7 (94663334-94664507, 94664510-94665698)
Warning: merging adjacent/overlapping segments (distance=2) of ENST00000617526.4 on chr7 (94663334-94664507, 94664510-94669692)
Warning: merging adjacent/overlapping segments (distance=2) of ENST00000612941.2 on chr7 (94663334-94664507, 94664510-94669692)
Warning: merging adjacent/overlapping segments (distance=4) of ENST00000427666.1 on chr7 (152590641-152590904, 152590909-152590941)
Warning: merging adjacent/overlapping segments (distance=2) of ENST00000611156.4 on chr9 (133257409-133257521, 133257524-133257542)
Warning: merging adjacent/overlapping segments (distance=4) of ENST00000538324.2 on chr9 (133255602-133255670, 133255675-133256356)
Warning: merging adjacent/overlapping segments (distance=2) of ENST00000538324.2 on chr9 (133257409-133257521, 133257524-133257542)
Warning: merging adjacent/overlapping segments (distance=1) of ENST00000693560.1 on chr10 (87863438-87864103, 87864105-87864548)
Warning: merging adjacent/overlapping segments (distance=1) of ENST00000330775.9 on chr11 (119027628-119027724, 119027726-119027872)
Warning: merging adjacent/overlapping segments (distance=1) of ENST00000357590.9 on chr11 (119027628-119027724, 119027726-119027872)
Warning: merging adjacent/overlapping segments (distance=1) of ENST00000538950.5 on chr11 (119027628-119027724, 119027726-119027872)
Warning: merging adjacent/overlapping segments (distance=1) of ENST00000545985.5 on chr11 (119027628-119027724, 119027726-119027872)
Warning: merging adjacent/overlapping segments (distance=1) of ENST00000559912.3 on chr15 (64691434-64691514, 64691516-64691591)
Warning: merging adjacent/overlapping segments (distance=1) of ENST00000326005.10 on chr15 (64691434-64691514, 64691516-64691591)
Warning: merging adjacent/overlapping segments (distance=1) of ENST00000560258.6 on chr15 (64691434-64691514, 64691516-64691591)
Warning: merging adjacent/overlapping segments (distance=1) of ENST00000562103.2 on chr16 (2009524-2009622, 2009624-2009734)
Warning: merging adjacent/overlapping segments (distance=1) of ENST00000562103.2 on chr16 (2009524-2009734, 2009736-2009821)
Warning: merging adjacent/overlapping segments (distance=1) of ENST00000692767.1 on chr16 (3004132-3004601, 3004603-3004859)
Warning: merging adjacent/overlapping segments (distance=2) of ENST00000674977.2 on chr17 (7513021-7513772, 7513775-7514179)
Warning: merging adjacent/overlapping segments (distance=1) of ENST00000718421.1 on chr19 (2271385-2271442, 2271444-2271530)
Warning: merging adjacent/overlapping segments (distance=1) of ENST00000718422.1 on chr19 (2271385-2271442, 2271444-2271530)
Warning: merging adjacent/overlapping segments (distance=1) of ENST00000718423.1 on chr19 (2271385-2271442, 2271444-2271530)
Warning: merging adjacent/overlapping segments (distance=1) of ENST00000602676.6 on chr19 (2271385-2271442, 2271444-2271530)
Warning: merging adjacent/overlapping segments (distance=1) of ENST00000718417.1 on chr19 (2271385-2271442, 2271444-2271474)
Warning: merging adjacent/overlapping segments (distance=1) of ENST00000718425.1 on chr19 (2271385-2271442, 2271444-2271530)
Warning: merging adjacent/overlapping segments (distance=1) of ENST00000582888.8 on chr19 (2271391-2271442, 2271444-2271530)
Warning: merging adjacent/overlapping segments (distance=1) of ENST00000718419.1 on chr19 (2271385-2271442, 2271444-2271530)
Warning: merging adjacent/overlapping segments (distance=1) of ENST00000422138.2 on chr20 (37179223-37179387, 37179389-37179480)
Warning: merging adjacent/overlapping segments (distance=1) of ENST00000343811.10 on chr20 (37179223-37179387, 37179389-37179548)
Warning: merging adjacent/overlapping segments (distance=1) of ENST00000400440.7 on chr20 (37179223-37179387, 37179389-37179571)
Warning: merging adjacent/overlapping segments (distance=1) of ENST00000421643.2 on chr20 (37179223-37179387, 37179389-37179588)
Warning: merging adjacent/overlapping segments (distance=2) of ENST00000624847.1 on chr21 (6358555-6358574, 6358577-6358738)
Warning: merging adjacent/overlapping segments (distance=2) of ENST00000624847.1 on chr21 (6358555-6358738, 6358741-6359767)
Warning: merging adjacent/overlapping segments (distance=2) of ENST00000673971.3 on chr22 (50674408-50674579, 50674582-50674704)
Warning: merging adjacent/overlapping segments (distance=2) of ENST00000692848.2 on chr22 (50674408-50674579, 50674582-50674704)
Warning: merging adjacent/overlapping segments (distance=2) of ENST00000380861.10 on chrX (10015254-10015674, 10015677-10015858)
Warning: merging adjacent/overlapping segments (distance=2) of ENST00000372774.8 on chrX (102140476-102140809, 102140812-102141355)
Warning: merging adjacent/overlapping segments (distance=2) of ENST00000372773.2 on chrX (102140710-102140809, 102140812-102141350)
Warning: merging adjacent/overlapping segments (distance=2) of ENST00000688521.1 on chrX (119605731-119605961, 119605964-119605995)
  385659 reference transcripts loaded.
  1637 duplicate reference transcripts discarded.
  391581 query transfrags loaded.
  Found 20 transfrags with undetermined strand.
Cleaning up..
Done.
