WARNING: output directory results/Sqanti3_QC_reference already exists. Overwriting!
Write arguments to /home/grocamora/RytenLab-Research/38-Endome_generation/results/Sqanti3_QC_reference/sq3.reference.params.txt...
**** Running SQANTI3...
launching worker on /home/grocamora/RytenLab-Research/38-Endome_generation/results/Sqanti3_QC_reference/sq3.reference_splits/0/gencode.v47.annotation.gtf.split0....
launching worker on /home/grocamora/RytenLab-Research/38-Endome_generation/results/Sqanti3_QC_reference/sq3.reference_splits/1/gencode.v47.annotation.gtf.split1....
launching worker on /home/grocamora/RytenLab-Research/38-Endome_generation/results/Sqanti3_QC_reference/sq3.reference_splits/2/gencode.v47.annotation.gtf.split2....
launching worker on /home/grocamora/RytenLab-Research/38-Endome_generation/results/Sqanti3_QC_reference/sq3.reference_splits/3/gencode.v47.annotation.gtf.split3....
launching worker on /home/grocamora/RytenLab-Research/38-Endome_generation/results/Sqanti3_QC_reference/sq3.reference_splits/4/gencode.v47.annotation.gtf.split4....
launching worker on /home/grocamora/RytenLab-Research/38-Endome_generation/results/Sqanti3_QC_reference/sq3.reference_splits/5/gencode.v47.annotation.gtf.split5....
launching worker on /home/grocamora/RytenLab-Research/38-Endome_generation/results/Sqanti3_QC_reference/sq3.reference_splits/6/gencode.v47.annotation.gtf.split6....
launching worker on /home/grocamora/RytenLab-Research/38-Endome_generation/results/Sqanti3_QC_reference/sq3.reference_splits/7/gencode.v47.annotation.gtf.split7....
launching worker on /home/grocamora/RytenLab-Research/38-Endome_generation/results/Sqanti3_QC_reference/sq3.reference_splits/8/gencode.v47.annotation.gtf.split8....
launching worker on /home/grocamora/RytenLab-Research/38-Endome_generation/results/Sqanti3_QC_reference/sq3.reference_splits/9/gencode.v47.annotation.gtf.split9....
launching worker on /home/grocamora/RytenLab-Research/38-Endome_generation/results/Sqanti3_QC_reference/sq3.reference_splits/10/gencode.v47.annotation.gtf.split10....
launching worker on /home/grocamora/RytenLab-Research/38-Endome_generation/results/Sqanti3_QC_reference/sq3.reference_splits/11/gencode.v47.annotation.gtf.split11....
launching worker on /home/grocamora/RytenLab-Research/38-Endome_generation/results/Sqanti3_QC_reference/sq3.reference_splits/12/gencode.v47.annotation.gtf.split12....
launching worker on /home/grocamora/RytenLab-Research/38-Endome_generation/results/Sqanti3_QC_reference/sq3.reference_splits/13/gencode.v47.annotation.gtf.split13....
launching worker on /home/grocamora/RytenLab-Research/38-Endome_generation/results/Sqanti3_QC_reference/sq3.reference_splits/14/gencode.v47.annotation.gtf.split14....
launching worker on /home/grocamora/RytenLab-Research/38-Endome_generation/results/Sqanti3_QC_reference/sq3.reference_splits/15/gencode.v47.annotation.gtf.split15....
**** Parsing Isoforms....
**** Parsing Isoforms....
**** Parsing Isoforms....
**** Parsing Isoforms....
**** Parsing Isoforms....
**** Parsing Isoforms....
**** Parsing Isoforms....
**** Parsing Isoforms....
**** Parsing Isoforms....
**** Parsing Isoforms....
**** Parsing Isoforms....
**** Parsing Isoforms....
**** Parsing Isoforms....
Isoforms expression files not provided.
**** Writing output files....
Saving isoforms_info object to file....
SQANTI3 complete in 154.62363132834435 sec.
**** Parsing provided files....
Reading genome fasta /home/grocamora/RytenLab-Research/Additional_files/GENCODE/GRCh38.primary_assembly.genome.fa....
Correcting sequences
Correcting fasta
Skipping aligning of sequences because GTF file was provided.

Indels will be not calculated since you ran SQANTI3 without alignment step (SQANTI3 with gtf format as transcriptome input).
**** Predicting ORF sequences...
Running ORF prediction on /home/grocamora/RytenLab-Research/38-Endome_generation/results/Sqanti3_QC_reference/sq3.reference_splits/13/sq3.reference_corrected.fasta
**** Parsing Reference Transcriptome....
No short-reads or coverage provided. Skipping short-read coverage calculation.
**** TSS ratio will not be calculated since SR information was not provided
**** Performing Classification of Isoforms....
Number of classified isoforms: 12540
**** Parsing Isoforms....
Isoforms expression files not provided.
**** Writing output files....
Saving isoforms_info object to file....
SQANTI3 complete in 172.49077521264553 sec.
**** Parsing provided files....
Reading genome fasta /home/grocamora/RytenLab-Research/Additional_files/GENCODE/GRCh38.primary_assembly.genome.fa....
Correcting sequences
Correcting fasta
Skipping aligning of sequences because GTF file was provided.

Indels will be not calculated since you ran SQANTI3 without alignment step (SQANTI3 with gtf format as transcriptome input).
**** Predicting ORF sequences...
Running ORF prediction on /home/grocamora/RytenLab-Research/38-Endome_generation/results/Sqanti3_QC_reference/sq3.reference_splits/10/sq3.reference_corrected.fasta
**** Parsing Reference Transcriptome....
No short-reads or coverage provided. Skipping short-read coverage calculation.
**** TSS ratio will not be calculated since SR information was not provided
**** Performing Classification of Isoforms....
Number of classified isoforms: 11763
**** Parsing Isoforms....
**** Parsing Isoforms....
Isoforms expression files not provided.
**** Writing output files....
Saving isoforms_info object to file....
SQANTI3 complete in 188.1190338730812 sec.
**** Parsing provided files....
Reading genome fasta /home/grocamora/RytenLab-Research/Additional_files/GENCODE/GRCh38.primary_assembly.genome.fa....
Correcting sequences
Correcting fasta
Skipping aligning of sequences because GTF file was provided.

Indels will be not calculated since you ran SQANTI3 without alignment step (SQANTI3 with gtf format as transcriptome input).
**** Predicting ORF sequences...
Running ORF prediction on /home/grocamora/RytenLab-Research/38-Endome_generation/results/Sqanti3_QC_reference/sq3.reference_splits/9/sq3.reference_corrected.fasta
**** Parsing Reference Transcriptome....
No short-reads or coverage provided. Skipping short-read coverage calculation.
**** TSS ratio will not be calculated since SR information was not provided
**** Performing Classification of Isoforms....
Number of classified isoforms: 16578
Isoforms expression files not provided.
Isoforms expression files not provided.
**** Writing output files....
Saving isoforms_info object to file....
SQANTI3 complete in 193.7180843502283 sec.
**** Writing output files....
Saving isoforms_info object to file....
SQANTI3 complete in 193.35475859045982 sec.
**** Parsing provided files....
Reading genome fasta /home/grocamora/RytenLab-Research/Additional_files/GENCODE/GRCh38.primary_assembly.genome.fa....
Correcting sequences
Correcting fasta
Skipping aligning of sequences because GTF file was provided.

Indels will be not calculated since you ran SQANTI3 without alignment step (SQANTI3 with gtf format as transcriptome input).
**** Predicting ORF sequences...
Running ORF prediction on /home/grocamora/RytenLab-Research/38-Endome_generation/results/Sqanti3_QC_reference/sq3.reference_splits/4/sq3.reference_corrected.fasta
**** Parsing Reference Transcriptome....
No short-reads or coverage provided. Skipping short-read coverage calculation.
**** TSS ratio will not be calculated since SR information was not provided
**** Performing Classification of Isoforms....
Number of classified isoforms: 13245
**** Parsing provided files....
Reading genome fasta /home/grocamora/RytenLab-Research/Additional_files/GENCODE/GRCh38.primary_assembly.genome.fa....
Correcting sequences
Correcting fasta
Skipping aligning of sequences because GTF file was provided.

Indels will be not calculated since you ran SQANTI3 without alignment step (SQANTI3 with gtf format as transcriptome input).
**** Predicting ORF sequences...
Running ORF prediction on /home/grocamora/RytenLab-Research/38-Endome_generation/results/Sqanti3_QC_reference/sq3.reference_splits/11/sq3.reference_corrected.fasta
**** Parsing Reference Transcriptome....
No short-reads or coverage provided. Skipping short-read coverage calculation.
**** TSS ratio will not be calculated since SR information was not provided
**** Performing Classification of Isoforms....
Number of classified isoforms: 16187
Isoforms expression files not provided.
**** Writing output files....
Saving isoforms_info object to file....
SQANTI3 complete in 219.11781926453114 sec.
**** Parsing provided files....
Reading genome fasta /home/grocamora/RytenLab-Research/Additional_files/GENCODE/GRCh38.primary_assembly.genome.fa....
Correcting sequences
Correcting fasta
Skipping aligning of sequences because GTF file was provided.

Indels will be not calculated since you ran SQANTI3 without alignment step (SQANTI3 with gtf format as transcriptome input).
**** Predicting ORF sequences...
Running ORF prediction on /home/grocamora/RytenLab-Research/38-Endome_generation/results/Sqanti3_QC_reference/sq3.reference_splits/15/sq3.reference_corrected.fasta
**** Parsing Reference Transcriptome....
No short-reads or coverage provided. Skipping short-read coverage calculation.
**** TSS ratio will not be calculated since SR information was not provided
**** Performing Classification of Isoforms....
Number of classified isoforms: 13269
Isoforms expression files not provided.
**** Writing output files....
Saving isoforms_info object to file....
SQANTI3 complete in 228.1895648688078 sec.
Isoforms expression files not provided.
**** Parsing provided files....
Reading genome fasta /home/grocamora/RytenLab-Research/Additional_files/GENCODE/GRCh38.primary_assembly.genome.fa....
Correcting sequences
Correcting fasta
Skipping aligning of sequences because GTF file was provided.

Indels will be not calculated since you ran SQANTI3 without alignment step (SQANTI3 with gtf format as transcriptome input).
**** Predicting ORF sequences...
Running ORF prediction on /home/grocamora/RytenLab-Research/38-Endome_generation/results/Sqanti3_QC_reference/sq3.reference_splits/8/sq3.reference_corrected.fasta
**** Parsing Reference Transcriptome....
No short-reads or coverage provided. Skipping short-read coverage calculation.
**** TSS ratio will not be calculated since SR information was not provided
**** Performing Classification of Isoforms....
Number of classified isoforms: 17538
**** Writing output files....
Saving isoforms_info object to file....
SQANTI3 complete in 229.14461848139763 sec.
**** Parsing provided files....
Reading genome fasta /home/grocamora/RytenLab-Research/Additional_files/GENCODE/GRCh38.primary_assembly.genome.fa....
Correcting sequences
Correcting fasta
Skipping aligning of sequences because GTF file was provided.

Indels will be not calculated since you ran SQANTI3 without alignment step (SQANTI3 with gtf format as transcriptome input).
**** Predicting ORF sequences...
Running ORF prediction on /home/grocamora/RytenLab-Research/38-Endome_generation/results/Sqanti3_QC_reference/sq3.reference_splits/14/sq3.reference_corrected.fasta
**** Parsing Reference Transcriptome....
No short-reads or coverage provided. Skipping short-read coverage calculation.
**** TSS ratio will not be calculated since SR information was not provided
**** Performing Classification of Isoforms....
Number of classified isoforms: 13289
Isoforms expression files not provided.
**** Writing output files....
Saving isoforms_info object to file....
SQANTI3 complete in 242.99777755141258 sec.
**** Parsing provided files....
Reading genome fasta /home/grocamora/RytenLab-Research/Additional_files/GENCODE/GRCh38.primary_assembly.genome.fa....
Correcting sequences
Correcting fasta
Skipping aligning of sequences because GTF file was provided.

Indels will be not calculated since you ran SQANTI3 without alignment step (SQANTI3 with gtf format as transcriptome input).
**** Predicting ORF sequences...
Running ORF prediction on /home/grocamora/RytenLab-Research/38-Endome_generation/results/Sqanti3_QC_reference/sq3.reference_splits/6/sq3.reference_corrected.fasta
**** Parsing Reference Transcriptome....
No short-reads or coverage provided. Skipping short-read coverage calculation.
**** TSS ratio will not be calculated since SR information was not provided
**** Performing Classification of Isoforms....
Number of classified isoforms: 23516
Isoforms expression files not provided.
**** Writing output files....
Saving isoforms_info object to file....
SQANTI3 complete in 274.93207371234894 sec.
**** Parsing provided files....
Reading genome fasta /home/grocamora/RytenLab-Research/Additional_files/GENCODE/GRCh38.primary_assembly.genome.fa....
Correcting sequences
Correcting fasta
Skipping aligning of sequences because GTF file was provided.

Indels will be not calculated since you ran SQANTI3 without alignment step (SQANTI3 with gtf format as transcriptome input).
**** Predicting ORF sequences...
Running ORF prediction on /home/grocamora/RytenLab-Research/38-Endome_generation/results/Sqanti3_QC_reference/sq3.reference_splits/7/sq3.reference_corrected.fasta
**** Parsing Reference Transcriptome....
No short-reads or coverage provided. Skipping short-read coverage calculation.
**** TSS ratio will not be calculated since SR information was not provided
**** Performing Classification of Isoforms....
Number of classified isoforms: 23552
Isoforms expression files not provided.
**** Writing output files....
Saving isoforms_info object to file....
SQANTI3 complete in 303.6053233742714 sec.
**** Parsing provided files....
Reading genome fasta /home/grocamora/RytenLab-Research/Additional_files/GENCODE/GRCh38.primary_assembly.genome.fa....
Correcting sequences
Correcting fasta
Skipping aligning of sequences because GTF file was provided.

Indels will be not calculated since you ran SQANTI3 without alignment step (SQANTI3 with gtf format as transcriptome input).
**** Predicting ORF sequences...
Running ORF prediction on /home/grocamora/RytenLab-Research/38-Endome_generation/results/Sqanti3_QC_reference/sq3.reference_splits/5/sq3.reference_corrected.fasta
**** Parsing Reference Transcriptome....
No short-reads or coverage provided. Skipping short-read coverage calculation.
**** TSS ratio will not be calculated since SR information was not provided
**** Performing Classification of Isoforms....
Number of classified isoforms: 24371
Isoforms expression files not provided.
**** Writing output files....
Saving isoforms_info object to file....
SQANTI3 complete in 346.4958306699991 sec.
**** Parsing provided files....
Reading genome fasta /home/grocamora/RytenLab-Research/Additional_files/GENCODE/GRCh38.primary_assembly.genome.fa....
Correcting sequences
Correcting fasta
Skipping aligning of sequences because GTF file was provided.

Indels will be not calculated since you ran SQANTI3 without alignment step (SQANTI3 with gtf format as transcriptome input).
**** Predicting ORF sequences...
Running ORF prediction on /home/grocamora/RytenLab-Research/38-Endome_generation/results/Sqanti3_QC_reference/sq3.reference_splits/3/sq3.reference_corrected.fasta
**** Parsing Reference Transcriptome....
No short-reads or coverage provided. Skipping short-read coverage calculation.
**** TSS ratio will not be calculated since SR information was not provided
**** Performing Classification of Isoforms....
Number of classified isoforms: 24306
Isoforms expression files not provided.
**** Writing output files....
Saving isoforms_info object to file....
SQANTI3 complete in 401.6184429228306 sec.
**** Parsing provided files....
Reading genome fasta /home/grocamora/RytenLab-Research/Additional_files/GENCODE/GRCh38.primary_assembly.genome.fa....
Correcting sequences
Correcting fasta
Skipping aligning of sequences because GTF file was provided.

Indels will be not calculated since you ran SQANTI3 without alignment step (SQANTI3 with gtf format as transcriptome input).
**** Predicting ORF sequences...
Running ORF prediction on /home/grocamora/RytenLab-Research/38-Endome_generation/results/Sqanti3_QC_reference/sq3.reference_splits/12/sq3.reference_corrected.fasta
**** Parsing Reference Transcriptome....
No short-reads or coverage provided. Skipping short-read coverage calculation.
**** TSS ratio will not be calculated since SR information was not provided
**** Performing Classification of Isoforms....
Number of classified isoforms: 32375
Isoforms expression files not provided.
**** Writing output files....
Saving isoforms_info object to file....
SQANTI3 complete in 445.0796209573746 sec.
**** Parsing provided files....
Reading genome fasta /home/grocamora/RytenLab-Research/Additional_files/GENCODE/GRCh38.primary_assembly.genome.fa....
Correcting sequences
Correcting fasta
Skipping aligning of sequences because GTF file was provided.

Indels will be not calculated since you ran SQANTI3 without alignment step (SQANTI3 with gtf format as transcriptome input).
**** Predicting ORF sequences...
Running ORF prediction on /home/grocamora/RytenLab-Research/38-Endome_generation/results/Sqanti3_QC_reference/sq3.reference_splits/2/sq3.reference_corrected.fasta
**** Parsing Reference Transcriptome....
No short-reads or coverage provided. Skipping short-read coverage calculation.
**** TSS ratio will not be calculated since SR information was not provided
**** Performing Classification of Isoforms....
Number of classified isoforms: 39954
Isoforms expression files not provided.
**** Writing output files....
Saving isoforms_info object to file....
SQANTI3 complete in 594.8970200121403 sec.
**** Parsing provided files....
Reading genome fasta /home/grocamora/RytenLab-Research/Additional_files/GENCODE/GRCh38.primary_assembly.genome.fa....
Correcting sequences
Correcting fasta
Skipping aligning of sequences because GTF file was provided.

Indels will be not calculated since you ran SQANTI3 without alignment step (SQANTI3 with gtf format as transcriptome input).
**** Predicting ORF sequences...
Running ORF prediction on /home/grocamora/RytenLab-Research/38-Endome_generation/results/Sqanti3_QC_reference/sq3.reference_splits/1/sq3.reference_corrected.fasta
**** Parsing Reference Transcriptome....
No short-reads or coverage provided. Skipping short-read coverage calculation.
**** TSS ratio will not be calculated since SR information was not provided
**** Performing Classification of Isoforms....
Number of classified isoforms: 48028
Isoforms expression files not provided.
**** Writing output files....
Saving isoforms_info object to file....
SQANTI3 complete in 672.1365621685982 sec.
**** Parsing provided files....
Reading genome fasta /home/grocamora/RytenLab-Research/Additional_files/GENCODE/GRCh38.primary_assembly.genome.fa....
Correcting sequences
Correcting fasta
Skipping aligning of sequences because GTF file was provided.

Indels will be not calculated since you ran SQANTI3 without alignment step (SQANTI3 with gtf format as transcriptome input).
**** Predicting ORF sequences...
Running ORF prediction on /home/grocamora/RytenLab-Research/38-Endome_generation/results/Sqanti3_QC_reference/sq3.reference_splits/0/sq3.reference_corrected.fasta
**** Parsing Reference Transcriptome....
No short-reads or coverage provided. Skipping short-read coverage calculation.
**** TSS ratio will not be calculated since SR information was not provided
**** Performing Classification of Isoforms....
Number of classified isoforms: 55148
Removing temporary files....
